stdout of test 'Bug_LargeQueries_6571_6693` in directory 'sql/jdbc/tests` itself:


# 18:48:54 >  
# 18:48:54 >  "mserver5" "--debug=10" "--set" "gdk_nr_threads=0" "--set" "mapi_open=true" "--set" "mapi_port=34708" "--set" "mapi_usock=/var/tmp/mtest-15166/.s.monetdb.34708" "--set" "monet_prompt=" "--forcemito" "--dbpath=/export/scratch1/dinther/INSTALL/var/MonetDB/mTests_sql_jdbc_tests" "--set" "embedded_c=true"
# 18:48:54 >  

# MonetDB 5 server v11.33.4 (hg id: b99c237c4372+)
# This is an unreleased version
# Serving database 'mTests_sql_jdbc_tests', using 4 threads
# Compiled for x86_64-unknown-linux-gnu/64bit with 128bit integers
# Found 31.305 GiB available main-memory.
# Copyright (c) 1993 - July 2008 CWI.
# Copyright (c) August 2008 - 2019 MonetDB B.V., all rights reserved
# Visit https://www.monetdb.org/ for further information
# Listening for connection requests on mapi:monetdb://catskill.da.cwi.nl:34708/
# Listening for UNIX domain connection requests on mapi:monetdb:///var/tmp/mtest-15166/.s.monetdb.34708
# MonetDB/GIS module loaded
# MonetDB/SQL module loaded

Ready.

# 18:48:54 >  
# 18:48:54 >  "./Bug_LargeQueries_6571_6693.SQL.sh" "Bug_LargeQueries_6571_6693"
# 18:48:54 >  


# 18:48:54 >  
# 18:48:54 >  java Bug_LargeQueries_6571_6693 "jdbc:monetdb://catskill:34708/mTests_sql_jdbc_tests?user=monetdb&password=monetdb"
# 18:48:54 >  

Created table: tbl6693 Inserting rows. 3 rows inserted
Script size is 296607
First test repeat 10 times
Iteration: 1 2 3 4 5 6 7 8 9 10 
Completed first test
Second test repeat 10 times
Iteration: 1 2 3 4 5 6 7 8 9 10 
Completed second test
Script size is 112838
Third test repeat 3 times
Iteration: 1 2 3 
Completed third test
Cleanup TABLE tbl6693
Test completed without hanging


# 18:48:58 >  
# 18:48:58 >  "Done."
# 18:48:58 >  

