stdout of test 'Test_JdbcClient` in directory 'sql/jdbc/tests` itself:


# 20:01:23 >  
# 20:01:23 >  Mtimeout -timeout 180 Mserver "--config=/ufs/fabian/scratch/monetdb/current/program-x86_64/etc/MonetDB.conf" --debug=10 --set "monet_mod_path=/ufs/fabian/scratch/monetdb/current/program-x86_64/lib/MonetDB:/ufs/fabian/scratch/monetdb/current/program-x86_64/lib/bin" --set "gdk_dbfarm=/ufs/fabian/scratch/monetdb/current/program-x86_64/var/MonetDB/dbfarm" --set "sql_logdir=/ufs/fabian/scratch/monetdb/current/program-x86_64/var/MonetDB/log" --set mapi_port=34230 --set sql_port=47764 --set xquery_port=59693 --set monet_prompt= --trace "--dbname=mTests_src_jdbc_tests" --dbinit="module(sql_server); sql_server_start();" ; echo ; echo Over..
# 20:01:23 >  

# Monet Database Server V4.9.3
# Copyright (c) 1993-2005, CWI. All rights reserved.
# Compiled for x86_64-redhat-linux-gnu/64bit with 64bit OIDs; dynamically linked.
# Visit http://monetdb.cwi.nl/ for further information.


Ready.


# 20:01:23 >  
# 20:01:23 >  Mtimeout -timeout 60 ./Test_JdbcClient.SQL Test_JdbcClient 
# 20:01:23 >  


# 12:08:05 >  
# 12:08:05 >  java -jar /net/pegasus.ins.cwi.nl/export/scratch1/fabian/monetdb/current/build-pegasus.ins.cwi.nl/sql/src/jdbc/jdbcclient-1.2.jar -h localhost -p 42784 -f ../../../../..//current/sql/src/jdbc/tests/Tests/../JdbcClient_create_tables.sql
# 12:08:05 >  

Operation successful
Operation successful
Operation successful
Operation successful
Operation successful
Operation successful
Operation successful
Operation successful
Operation successful
Operation successful
Operation successful
Operation successful
Operation successful
Operation successful
Operation successful
Operation successful
Operation successful
Operation successful
Operation successful
Operation successful
Operation successful


# 12:08:05 >  
# 12:08:05 >  java -jar /net/pegasus.ins.cwi.nl/export/scratch1/fabian/monetdb/current/build-pegasus.ins.cwi.nl/sql/src/jdbc/jdbcclient-1.2.jar -h localhost -p 42784 -f ../../../../..//current/sql/src/jdbc/tests/Tests/../JdbcClient_inserts_selects.sql
# 12:08:05 >  

Operation successful

1 affected row
1 affected row
1 affected row
1 affected row
1 affected row
1 affected row
1 affected row
1 affected row
1 affected row
1 affected row
1 affected row
1 affected row
1 affected row
1 affected row

+------+---------+-----------+--------+----------+
| id   | subject | predicate | object | explicit |
+======+=========+===========+========+==========+
|    1 |       1 |         1 |      1 | false    |
|    2 |       1 |         1 |      2 | false    |
|    3 |       1 |         2 |      1 | false    |
|    4 |       2 |         1 |      1 | false    |
|    5 |       1 |         2 |      2 | false    |
|    6 |       2 |         2 |      1 | false    |
|    7 |       2 |         2 |      2 | false    |
+------+---------+-----------+--------+----------+
7 rows
+------+---------+-----------+--------+
| id   | subject | predicate | object |
+======+=========+===========+========+
|    1 |       1 |         1 |      1 |
|    2 |       2 |         2 |      2 |
|    3 |       1 |         2 |      2 |
|    4 |       2 |         2 |      1 |
|    5 |       2 |         1 |      1 |
|    6 |       1 |         2 |      1 |
|    7 |       1 |         1 |      2 |
+------+---------+-----------+--------+
7 rows
7 affected rows
+------+---------+-----------+--------+----------+
| id   | subject | predicate | object | explicit |
+======+=========+===========+========+==========+
|    1 |       1 |         1 |      1 | false    |
|    2 |       1 |         1 |      2 | false    |
|    3 |       1 |         2 |      1 | false    |
|    4 |       2 |         1 |      1 | false    |
|    5 |       1 |         2 |      2 | false    |
|    6 |       2 |         2 |      1 | false    |
|    7 |       2 |         2 |      2 | false    |
+------+---------+-----------+--------+----------+
7 rows
+---------+--------+-----------+-----------+
| subject | counts | min_value | max_value |
+=========+========+===========+===========+
|       1 |      4 |         1 |         1 |
|       2 |      3 |         2 |         2 |
+---------+--------+-----------+-----------+
2 rows
+-----------+--------+-----------+-----------+
| predicate | counts | min_value | max_value |
+===========+========+===========+===========+
|         1 |      3 |         1 |         1 |
|         2 |      4 |         2 |         2 |
+-----------+--------+-----------+-----------+
2 rows
+--------+--------+-----------+-----------+
| object | counts | min_value | max_value |
+========+========+===========+===========+
|      1 |      4 |         1 |         1 |
|      2 |      3 |         2 |         2 |
+--------+--------+-----------+-----------+
2 rows
Operation successful

# 17:26:44 >  
# 17:26:44 >  java nl.cwi.monetdb.client.JdbcClient -h catskill -p 33431 -d mTests_sql_jdbc_tests -D
# 17:26:44 >  

START TRANSACTION;

SET SCHEMA "sys";

CREATE MERGE TABLE "sys"."mt" (
	"id" INTEGER       NOT NULL,
	"nm" VARCHAR(123)  NOT NULL,
	CONSTRAINT "mt_id_pkey" PRIMARY KEY ("id")
);

CREATE REMOTE TABLE "sys"."remt" (
	"id" INTEGER       NOT NULL,
	"nm" VARCHAR(123)  NOT NULL,
	CONSTRAINT "remt_id_pkey" PRIMARY KEY ("id")
);

CREATE REPLICA TABLE "sys"."replt" (
	"id" INTEGER       NOT NULL,
	"nm" VARCHAR(123)  NOT NULL,
	CONSTRAINT "replt_id_pkey" PRIMARY KEY ("id")
);

CREATE STREAM TABLE "sys"."strt" (
	"id" INTEGER       NOT NULL,
	"nm" VARCHAR(123)  NOT NULL,
	CONSTRAINT "strt_id_pkey" PRIMARY KEY ("id")
);


CREATE TABLE "sys"."allnewtriples" (
	"id"        INTEGER       NOT NULL,
	"subject"   INTEGER       NOT NULL,
	"predicate" INTEGER       NOT NULL,
	"object"    INTEGER       NOT NULL,
	"explicit"  BOOLEAN       NOT NULL,
        CONSTRAINT "allnewtriples_id_pkey" PRIMARY KEY ("id"),
        CONSTRAINT "unique_key" UNIQUE ("subject", "predicate", "object")
);
CREATE INDEX "allnewtriples_object_idx" ON "sys"."allnewtriples" ("object");
CREATE INDEX "allnewtriples_predicate_idx" ON "sys"."allnewtriples" ("predicate");
CREATE INDEX "allnewtriples_subject_idx" ON "sys"."allnewtriples" ("subject");

INSERT INTO "sys"."allnewtriples" VALUES (1, 1, 1, 1, false);
INSERT INTO "sys"."allnewtriples" VALUES (2, 1, 1, 2, false);
INSERT INTO "sys"."allnewtriples" VALUES (3, 1, 2, 1, false);
INSERT INTO "sys"."allnewtriples" VALUES (4, 2, 1, 1, false);
INSERT INTO "sys"."allnewtriples" VALUES (5, 1, 2, 2, false);
INSERT INTO "sys"."allnewtriples" VALUES (6, 2, 2, 1, false);
INSERT INTO "sys"."allnewtriples" VALUES (7, 2, 2, 2, false);

CREATE TABLE "sys"."foreign" (
	"id"        INTEGER       NOT NULL,
	"subject"   INTEGER       NOT NULL,
	"predicate" INTEGER       NOT NULL,
	"object"    INTEGER       NOT NULL,
	CONSTRAINT "foreign_id_fkey" FOREIGN KEY ("id") REFERENCES "sys"."allnewtriples" ("id"),
	CONSTRAINT "foreign_subject_predicate_object_fkey" FOREIGN KEY ("subject", "predicate", "object") REFERENCES "sys"."allnewtriples" ("subject", "predicate", "object")
);

INSERT INTO "sys"."foreign" VALUES (1, 1, 1, 1);
INSERT INTO "sys"."foreign" VALUES (2, 2, 2, 2);
INSERT INTO "sys"."foreign" VALUES (3, 1, 2, 2);
INSERT INTO "sys"."foreign" VALUES (4, 2, 2, 1);
INSERT INTO "sys"."foreign" VALUES (5, 2, 1, 1);
INSERT INTO "sys"."foreign" VALUES (6, 1, 2, 1);
INSERT INTO "sys"."foreign" VALUES (7, 1, 1, 2);

CREATE TABLE "sys"."triples" (
	"id"        INTEGER       NOT NULL,
	"subject"   INTEGER       NOT NULL,
	"predicate" INTEGER       NOT NULL,
	"object"    INTEGER       NOT NULL,
	"explicit"  BOOLEAN       NOT NULL,
	CONSTRAINT "triples_subject_predicate_object_unique" UNIQUE ("subject", "predicate", "object")
);
CREATE INDEX "triples_object_idx" ON "sys"."triples" ("object");
CREATE INDEX "triples_predicate_idx" ON "sys"."triples" ("predicate");
CREATE INDEX "triples_predicate_object_idx" ON "sys"."triples" ("predicate", "object");
CREATE INDEX "triples_subject_idx" ON "sys"."triples" ("subject");
CREATE INDEX "triples_subject_object_idx" ON "sys"."triples" ("subject", "object");
CREATE INDEX "triples_subject_predicate_idx" ON "sys"."triples" ("subject", "predicate");

INSERT INTO "sys"."triples" VALUES (1, 1, 1, 1, false);
INSERT INTO "sys"."triples" VALUES (2, 1, 1, 2, false);
INSERT INTO "sys"."triples" VALUES (3, 1, 2, 1, false);
INSERT INTO "sys"."triples" VALUES (4, 2, 1, 1, false);
INSERT INTO "sys"."triples" VALUES (5, 1, 2, 2, false);
INSERT INTO "sys"."triples" VALUES (6, 2, 2, 1, false);
INSERT INTO "sys"."triples" VALUES (7, 2, 2, 2, false);

CREATE VIEW "sys"."object_stats" AS select "object", cast(count(*) as bigint) as counts, min("object") as min_value, max("object") as max_value from "triples" group by "object" order by "object"
;

CREATE VIEW "sys"."predicate_stats" AS select "predicate", cast(count(*) as bigint) as counts, min("predicate") as min_value, max("predicate") as max_value from "triples" group by "predicate" order by "predicate"
;

CREATE VIEW "sys"."subject_stats" AS select "subject", cast(count(*) as bigint) as counts, min("subject") as min_value, max("subject") as max_value from "triples" group by "subject" order by "subject"
;

COMMIT;

# 20:01:25 >  
# 20:01:25 >  Done.
# 20:01:25 >  

