stdout of test 'skgtbdxselect` in directory 'monetdb5/modules/kernel` itself:


# 14:54:21 >
# 14:54:21 >  "mserver5" "--debug=10" "--set" "gdk_nr_threads=0" "--set" "mapi_open=true" "--set" "mapi_port=36862" "--set" "mapi_usock=/var/tmp/mtest-32293/.s.monetdb.36862" "--set" "monet_prompt=" "--forcemito" "--dbpath=/home/user/.local/monetdb/var/MonetDB/mTests_monetdb5_modules_kernel" "--set" "embedded_c=true"
# 14:54:21 >

# MonetDB 5 server v11.33.11 (Apr2019-SP1)
# Serving database 'mTests_monetdb5_modules_kernel', using 72 threads
# Compiled for x86_64-pc-linux-gnu/64bit with 128bit integers
# Found 125.686 GiB available main-memory.
# Copyright (c) 1993 - July 2008 CWI.
# Copyright (c) August 2008 - 2019 MonetDB B.V., all rights reserved
# Visit https://www.monetdb.org/ for further information
# Listening for connection requests on mapi:monetdb://PowerEdge-T630:36862/
# Listening for UNIX domain connection requests on mapi:monetdb:///var/tmp/mtest-32293/.s.monetdb.36862
# MonetDB/SQL module loaded

Ready.

# 14:54:22 >
# 14:54:22 >  "mclient" "-lmal" "-ftest" "-tnone" "-Eutf-8" "--host=/var/tmp/mtest-32293" "--port=36862"
# 14:54:22 >

#--------------------------#
# h	t  # name
# void	void  # type
#--------------------------#
#--------------------------#
# h	t  # name
# void	oid  # type
#--------------------------#
[ 0@0,	10	]
[ 1@0,	10	]
[ 2@0,	10	]
[ 3@0,	10	]
[ 4@0,	10	]
[ 5@0,	10	]
[ 6@0,	10	]
[ 7@0,	10	]
[ 8@0,	10	]
[ 9@0,	10	]
[ 10@0,	10	]
[ 11@0,	10	]
[ 12@0,	10	]
[ 13@0,	10	]
[ 14@0,	10	]
[ 15@0,	10	]
[ 16@0,	10	]
[ 17@0,	10	]
[ 18@0,	10	]
[ 19@0,	10	]
[ 20@0,	10	]
[ 21@0,	10	]
[ 22@0,	10	]
[ 23@0,	10	]
[ 24@0,	10	]
[ 25@0,	10	]
[ 26@0,	10	]
[ 27@0,	10	]
[ 28@0,	10	]
[ 29@0,	10	]
[ 30@0,	10	]
[ 31@0,	10	]
[ 32@0,	10	]
[ 33@0,	10	]
[ 34@0,	10	]
[ 35@0,	10	]
[ 36@0,	10	]
[ 37@0,	10	]
[ 38@0,	10	]
[ 39@0,	10	]
[ 40@0,	10	]
[ 41@0,	10	]
[ 42@0,	10	]
[ 43@0,	10	]
[ 44@0,	10	]
[ 45@0,	10	]
[ 46@0,	10	]
[ 47@0,	10	]
[ 48@0,	10	]
[ 49@0,	10	]
[ 50@0,	10	]
[ 51@0,	10	]
[ 52@0,	10	]
[ 53@0,	10	]
[ 54@0,	10	]
[ 55@0,	10	]
[ 56@0,	10	]
[ 57@0,	10	]
[ 58@0,	10	]
[ 59@0,	10	]
[ 60@0,	10	]
[ 61@0,	10	]
[ 62@0,	10	]
[ 63@0,	10	]
[ 64@0,	10	]
[ 65@0,	10	]
[ 66@0,	10	]
[ 67@0,	10	]
[ 68@0,	10	]
[ 69@0,	10	]
[ 70@0,	10	]
[ 71@0,	10	]
[ 72@0,	10	]
[ 73@0,	10	]
[ 74@0,	10	]
[ 75@0,	10	]
[ 76@0,	10	]
[ 77@0,	10	]
[ 78@0,	10	]
[ 79@0,	10	]
[ 80@0,	10	]
[ 81@0,	10	]
[ 82@0,	10	]
[ 83@0,	10	]
[ 84@0,	10	]
[ 85@0,	10	]
[ 86@0,	10	]
[ 87@0,	10	]
[ 88@0,	10	]
[ 89@0,	10	]
[ 90@0,	10	]
[ 91@0,	10	]
[ 92@0,	10	]
#--------------------------#
# h	t  # name
# void	oid  # type
#--------------------------#
[ 0@0,	9	]
[ 1@0,	9	]
[ 2@0,	10	]
[ 3@0,	9	]
[ 4@0,	10	]
[ 5@0,	10	]
[ 6@0,	10	]
[ 7@0,	9	]
[ 8@0,	9	]
[ 9@0,	10	]
[ 10@0,	9	]
[ 11@0,	9	]
[ 12@0,	10	]
[ 13@0,	9	]
[ 14@0,	10	]
[ 15@0,	9	]
[ 16@0,	9	]
[ 17@0,	9	]
[ 18@0,	9	]
[ 19@0,	10	]
[ 20@0,	10	]
[ 21@0,	9	]
[ 22@0,	10	]
[ 23@0,	9	]
[ 24@0,	10	]
[ 25@0,	10	]
[ 26@0,	9	]
[ 27@0,	9	]
[ 28@0,	10	]
[ 29@0,	9	]
[ 30@0,	9	]
[ 31@0,	10	]
[ 32@0,	10	]
[ 33@0,	9	]
[ 34@0,	10	]
[ 35@0,	9	]
[ 36@0,	10	]
[ 37@0,	10	]
[ 38@0,	10	]
[ 39@0,	9	]
[ 40@0,	10	]
[ 41@0,	10	]
[ 42@0,	9	]
[ 43@0,	9	]
[ 44@0,	10	]
[ 45@0,	9	]
[ 46@0,	10	]
[ 47@0,	10	]
[ 48@0,	10	]
[ 49@0,	10	]
[ 50@0,	10	]
[ 51@0,	9	]
[ 52@0,	10	]
[ 53@0,	9	]
[ 54@0,	10	]
[ 55@0,	9	]
[ 56@0,	9	]
[ 57@0,	10	]
[ 58@0,	9	]
[ 59@0,	10	]
[ 60@0,	10	]
[ 61@0,	10	]
[ 62@0,	10	]
[ 63@0,	9	]
[ 64@0,	10	]
[ 65@0,	10	]
[ 66@0,	9	]
[ 67@0,	9	]
[ 68@0,	9	]
[ 69@0,	10	]
[ 70@0,	10	]
[ 71@0,	9	]
[ 72@0,	10	]
[ 73@0,	9	]
[ 74@0,	10	]
[ 75@0,	9	]
[ 76@0,	10	]
[ 77@0,	10	]
[ 78@0,	10	]
[ 79@0,	10	]
[ 80@0,	10	]
[ 81@0,	10	]
[ 82@0,	9	]
[ 83@0,	10	]
[ 84@0,	9	]
[ 85@0,	9	]
[ 86@0,	10	]
[ 87@0,	10	]
[ 88@0,	9	]
[ 89@0,	10	]
[ 90@0,	10	]
[ 91@0,	9	]
[ 92@0,	9	]
[ 93@0,	10	]
[ 94@0,	10	]
[ 95@0,	9	]
[ 96@0,	9	]
[ 97@0,	10	]
[ 98@0,	10	]
[ 99@0,	9	]
[ 100@0,	10	]
[ 101@0,	10	]
[ 102@0,	9	]
[ 103@0,	9	]
[ 104@0,	9	]
[ 105@0,	10	]
[ 106@0,	10	]
[ 107@0,	10	]
[ 108@0,	9	]
[ 109@0,	9	]
[ 110@0,	10	]
[ 111@0,	10	]
[ 112@0,	9	]
[ 113@0,	10	]
[ 114@0,	10	]
[ 115@0,	10	]
[ 116@0,	9	]
[ 117@0,	10	]
[ 118@0,	9	]
[ 119@0,	9	]
[ 120@0,	9	]
[ 121@0,	9	]
[ 122@0,	9	]
[ 123@0,	10	]
[ 124@0,	9	]
[ 125@0,	9	]
[ 126@0,	9	]
[ 127@0,	10	]
[ 128@0,	10	]
[ 129@0,	9	]
[ 130@0,	9	]
[ 131@0,	10	]
[ 132@0,	9	]
[ 133@0,	9	]
[ 134@0,	10	]
[ 135@0,	9	]
[ 136@0,	9	]
[ 137@0,	9	]
[ 138@0,	10	]
[ 139@0,	9	]
[ 140@0,	9	]
[ 141@0,	10	]
[ 142@0,	9	]
[ 143@0,	10	]
[ 144@0,	10	]
[ 145@0,	9	]
[ 146@0,	10	]
[ 147@0,	9	]
[ 148@0,	9	]
[ 149@0,	9	]
[ 150@0,	10	]
[ 151@0,	9	]
[ 152@0,	9	]
[ 153@0,	9	]
[ 154@0,	10	]
[ 155@0,	10	]
[ 156@0,	10	]
[ 157@0,	10	]
[ 158@0,	10	]
[ 159@0,	10	]
[ 160@0,	10	]
[ 161@0,	10	]
[ 162@0,	9	]
[ 163@0,	9	]
[ 164@0,	10	]
[ 165@0,	9	]
[ 166@0,	10	]
[ 167@0,	9	]
[ 168@0,	9	]
[ 169@0,	10	]
[ 170@0,	9	]
[ 171@0,	10	]
[ 172@0,	9	]
[ 173@0,	10	]
[ 174@0,	10	]
[ 175@0,	9	]
[ 176@0,	9	]
[ 177@0,	9	]
[ 178@0,	9	]
[ 179@0,	10	]
[ 180@0,	10	]
[ 181@0,	9	]
#--------------------------#
# h	t  # name
# void	oid  # type
#--------------------------#
[ 0@0,	9	]
[ 1@0,	9	]
[ 2@0,	10	]
[ 3@0,	9	]
[ 4@0,	8	]
[ 5@0,	8	]
[ 6@0,	10	]
[ 7@0,	10	]
[ 8@0,	8	]
[ 9@0,	8	]
[ 10@0,	8	]
[ 11@0,	10	]
[ 12@0,	9	]
[ 13@0,	9	]
[ 14@0,	8	]
[ 15@0,	10	]
[ 16@0,	9	]
[ 17@0,	9	]
[ 18@0,	8	]
[ 19@0,	8	]
[ 20@0,	10	]
[ 21@0,	9	]
[ 22@0,	8	]
[ 23@0,	10	]
[ 24@0,	9	]
[ 25@0,	9	]
[ 26@0,	9	]
[ 27@0,	9	]
[ 28@0,	8	]
[ 29@0,	10	]
[ 30@0,	10	]
[ 31@0,	9	]
[ 32@0,	10	]
[ 33@0,	9	]
[ 34@0,	10	]
[ 35@0,	10	]
[ 36@0,	9	]
[ 37@0,	9	]
[ 38@0,	10	]
[ 39@0,	8	]
[ 40@0,	9	]
[ 41@0,	9	]
[ 42@0,	10	]
[ 43@0,	10	]
[ 44@0,	8	]
[ 45@0,	9	]
[ 46@0,	8	]
[ 47@0,	10	]
[ 48@0,	9	]
[ 49@0,	10	]
[ 50@0,	8	]
[ 51@0,	10	]
[ 52@0,	8	]
[ 53@0,	10	]
[ 54@0,	9	]
[ 55@0,	10	]
[ 56@0,	8	]
[ 57@0,	10	]
[ 58@0,	9	]
[ 59@0,	9	]
[ 60@0,	10	]
[ 61@0,	9	]
[ 62@0,	10	]
[ 63@0,	8	]
[ 64@0,	10	]
[ 65@0,	10	]
[ 66@0,	8	]
[ 67@0,	8	]
[ 68@0,	10	]
[ 69@0,	8	]
[ 70@0,	10	]
[ 71@0,	8	]
[ 72@0,	9	]
[ 73@0,	8	]
[ 74@0,	8	]
[ 75@0,	10	]
[ 76@0,	9	]
[ 77@0,	10	]
[ 78@0,	8	]
[ 79@0,	9	]
[ 80@0,	9	]
[ 81@0,	10	]
[ 82@0,	8	]
[ 83@0,	9	]
[ 84@0,	8	]
[ 85@0,	10	]
[ 86@0,	8	]
[ 87@0,	8	]
[ 88@0,	10	]
[ 89@0,	10	]
[ 90@0,	10	]
[ 91@0,	9	]
[ 92@0,	8	]
[ 93@0,	10	]
[ 94@0,	10	]
[ 95@0,	8	]
[ 96@0,	9	]
[ 97@0,	9	]
[ 98@0,	9	]
[ 99@0,	8	]
[ 100@0,	10	]
[ 101@0,	10	]
[ 102@0,	8	]
[ 103@0,	8	]
[ 104@0,	9	]
[ 105@0,	10	]
[ 106@0,	9	]
[ 107@0,	10	]
[ 108@0,	9	]
[ 109@0,	10	]
[ 110@0,	10	]
[ 111@0,	10	]
[ 112@0,	10	]
[ 113@0,	10	]
[ 114@0,	10	]
[ 115@0,	9	]
[ 116@0,	10	]
[ 117@0,	9	]
[ 118@0,	9	]
[ 119@0,	10	]
[ 120@0,	10	]
[ 121@0,	9	]
[ 122@0,	10	]
[ 123@0,	10	]
[ 124@0,	8	]
[ 125@0,	9	]
[ 126@0,	9	]
[ 127@0,	8	]
[ 128@0,	8	]
[ 129@0,	10	]
[ 130@0,	8	]
[ 131@0,	8	]
[ 132@0,	10	]
[ 133@0,	8	]
[ 134@0,	9	]
[ 135@0,	9	]
[ 136@0,	10	]
[ 137@0,	10	]
[ 138@0,	9	]
[ 139@0,	10	]
[ 140@0,	8	]
[ 141@0,	10	]
[ 142@0,	8	]
[ 143@0,	9	]
[ 144@0,	9	]
[ 145@0,	9	]
[ 146@0,	10	]
[ 147@0,	10	]
[ 148@0,	8	]
[ 149@0,	8	]
[ 150@0,	10	]
[ 151@0,	9	]
[ 152@0,	9	]
[ 153@0,	8	]
[ 154@0,	10	]
[ 155@0,	10	]
[ 156@0,	9	]
[ 157@0,	8	]
[ 158@0,	10	]
[ 159@0,	10	]
[ 160@0,	10	]
[ 161@0,	9	]
[ 162@0,	10	]
[ 163@0,	9	]
[ 164@0,	9	]
[ 165@0,	8	]
[ 166@0,	8	]
[ 167@0,	9	]
[ 168@0,	9	]
[ 169@0,	9	]
[ 170@0,	10	]
[ 171@0,	8	]
[ 172@0,	9	]
[ 173@0,	9	]
[ 174@0,	9	]
[ 175@0,	10	]
[ 176@0,	10	]
[ 177@0,	9	]
[ 178@0,	9	]
[ 179@0,	10	]
[ 180@0,	9	]
[ 181@0,	9	]
[ 182@0,	10	]
[ 183@0,	9	]
[ 184@0,	9	]
[ 185@0,	9	]
[ 186@0,	8	]
[ 187@0,	8	]
[ 188@0,	10	]
[ 189@0,	8	]
[ 190@0,	9	]
[ 191@0,	9	]
[ 192@0,	10	]
[ 193@0,	9	]
[ 194@0,	8	]
[ 195@0,	10	]
[ 196@0,	10	]
[ 197@0,	9	]
[ 198@0,	10	]
[ 199@0,	8	]
[ 200@0,	9	]
[ 201@0,	9	]
[ 202@0,	9	]
[ 203@0,	10	]
[ 204@0,	8	]
[ 205@0,	9	]
[ 206@0,	8	]
[ 207@0,	8	]
[ 208@0,	8	]
[ 209@0,	9	]
[ 210@0,	8	]
[ 211@0,	9	]
[ 212@0,	10	]
[ 213@0,	10	]
[ 214@0,	10	]
[ 215@0,	8	]
[ 216@0,	8	]
[ 217@0,	8	]
[ 218@0,	10	]
[ 219@0,	10	]
[ 220@0,	10	]
[ 221@0,	10	]
[ 222@0,	8	]
[ 223@0,	10	]
[ 224@0,	8	]
[ 225@0,	9	]
[ 226@0,	9	]
[ 227@0,	8	]
[ 228@0,	8	]
[ 229@0,	8	]
[ 230@0,	8	]
[ 231@0,	10	]
[ 232@0,	8	]
[ 233@0,	9	]
[ 234@0,	10	]
[ 235@0,	8	]
[ 236@0,	9	]
[ 237@0,	9	]
[ 238@0,	10	]
[ 239@0,	9	]
[ 240@0,	10	]
[ 241@0,	9	]
[ 242@0,	10	]
[ 243@0,	10	]
[ 244@0,	9	]
[ 245@0,	9	]
[ 246@0,	9	]
[ 247@0,	9	]
[ 248@0,	8	]
[ 249@0,	10	]
[ 250@0,	10	]
[ 251@0,	8	]
[ 252@0,	8	]
[ 253@0,	8	]
[ 254@0,	9	]
[ 255@0,	8	]
#--------------------------#
# h	t  # name
# void	oid  # type
#--------------------------#
[ 0@0,	9	]
[ 1@0,	9	]
[ 2@0,	7	]
[ 3@0,	10	]
[ 4@0,	9	]
[ 5@0,	8	]
[ 6@0,	8	]
[ 7@0,	10	]
[ 8@0,	7	]
[ 9@0,	10	]
[ 10@0,	7	]
[ 11@0,	7	]
[ 12@0,	8	]
[ 13@0,	8	]
[ 14@0,	7	]
[ 15@0,	8	]
[ 16@0,	10	]
[ 17@0,	9	]
[ 18@0,	7	]
[ 19@0,	9	]
[ 20@0,	8	]
[ 21@0,	10	]
[ 22@0,	9	]
[ 23@0,	9	]
[ 24@0,	7	]
[ 25@0,	7	]
[ 26@0,	8	]
[ 27@0,	7	]
[ 28@0,	8	]
[ 29@0,	10	]
[ 30@0,	9	]
[ 31@0,	7	]
[ 32@0,	8	]
[ 33@0,	10	]
[ 34@0,	7	]
[ 35@0,	9	]
[ 36@0,	9	]
[ 37@0,	9	]
[ 38@0,	9	]
[ 39@0,	7	]
[ 40@0,	8	]
[ 41@0,	10	]
[ 42@0,	10	]
[ 43@0,	9	]
[ 44@0,	10	]
[ 45@0,	7	]
[ 46@0,	9	]
[ 47@0,	10	]
[ 48@0,	10	]
[ 49@0,	9	]
[ 50@0,	9	]
[ 51@0,	7	]
[ 52@0,	7	]
[ 53@0,	10	]
[ 54@0,	8	]
[ 55@0,	9	]
[ 56@0,	9	]
[ 57@0,	7	]
[ 58@0,	10	]
[ 59@0,	7	]
[ 60@0,	10	]
[ 61@0,	8	]
[ 62@0,	9	]
[ 63@0,	7	]
[ 64@0,	8	]
[ 65@0,	10	]
[ 66@0,	9	]
[ 67@0,	10	]
[ 68@0,	7	]
[ 69@0,	8	]
[ 70@0,	10	]
[ 71@0,	8	]
[ 72@0,	10	]
[ 73@0,	7	]
[ 74@0,	7	]
[ 75@0,	9	]
[ 76@0,	10	]
[ 77@0,	7	]
[ 78@0,	8	]
[ 79@0,	7	]
[ 80@0,	10	]
[ 81@0,	9	]
[ 82@0,	9	]
[ 83@0,	10	]
[ 84@0,	9	]
[ 85@0,	10	]
[ 86@0,	7	]
[ 87@0,	8	]
[ 88@0,	7	]
[ 89@0,	10	]
[ 90@0,	10	]
[ 91@0,	7	]
[ 92@0,	8	]
[ 93@0,	8	]
[ 94@0,	10	]
[ 95@0,	7	]
[ 96@0,	8	]
[ 97@0,	7	]
[ 98@0,	10	]
[ 99@0,	7	]
[ 100@0,	7	]
[ 101@0,	7	]
[ 102@0,	8	]
[ 103@0,	7	]
[ 104@0,	9	]
[ 105@0,	8	]
[ 106@0,	8	]
[ 107@0,	10	]
[ 108@0,	9	]
[ 109@0,	10	]
[ 110@0,	7	]
[ 111@0,	8	]
[ 112@0,	9	]
[ 113@0,	9	]
[ 114@0,	10	]
[ 115@0,	8	]
[ 116@0,	9	]
[ 117@0,	8	]
[ 118@0,	10	]
[ 119@0,	8	]
[ 120@0,	8	]
[ 121@0,	7	]
[ 122@0,	10	]
[ 123@0,	10	]
[ 124@0,	7	]
[ 125@0,	10	]
[ 126@0,	9	]
[ 127@0,	8	]
[ 128@0,	10	]
[ 129@0,	10	]
[ 130@0,	7	]
[ 131@0,	8	]
[ 132@0,	7	]
[ 133@0,	7	]
[ 134@0,	9	]
[ 135@0,	9	]
[ 136@0,	9	]
[ 137@0,	7	]
[ 138@0,	8	]
[ 139@0,	10	]
[ 140@0,	10	]
[ 141@0,	8	]
[ 142@0,	7	]
[ 143@0,	8	]
[ 144@0,	9	]
[ 145@0,	10	]
[ 146@0,	9	]
[ 147@0,	10	]
[ 148@0,	7	]
[ 149@0,	9	]
[ 150@0,	7	]
[ 151@0,	10	]
[ 152@0,	10	]
[ 153@0,	10	]
[ 154@0,	7	]
[ 155@0,	7	]
[ 156@0,	10	]
[ 157@0,	10	]
[ 158@0,	10	]
[ 159@0,	9	]
[ 160@0,	7	]
[ 161@0,	10	]
[ 162@0,	9	]
[ 163@0,	9	]
[ 164@0,	7	]
[ 165@0,	10	]
[ 166@0,	10	]
[ 167@0,	9	]
[ 168@0,	7	]
[ 169@0,	7	]
[ 170@0,	10	]
[ 171@0,	7	]
[ 172@0,	10	]
[ 173@0,	7	]
[ 174@0,	7	]
[ 175@0,	7	]
[ 176@0,	8	]
[ 177@0,	7	]
[ 178@0,	9	]
[ 179@0,	7	]
[ 180@0,	9	]
[ 181@0,	8	]
[ 182@0,	8	]
[ 183@0,	10	]
[ 184@0,	7	]
[ 185@0,	8	]
[ 186@0,	8	]
[ 187@0,	10	]
[ 188@0,	8	]
[ 189@0,	7	]
[ 190@0,	7	]
[ 191@0,	9	]
[ 192@0,	7	]
[ 193@0,	7	]
[ 194@0,	9	]
[ 195@0,	7	]
[ 196@0,	7	]
[ 197@0,	10	]
[ 198@0,	10	]
[ 199@0,	9	]
[ 200@0,	7	]
[ 201@0,	10	]
[ 202@0,	7	]
[ 203@0,	8	]
[ 204@0,	7	]
[ 205@0,	7	]
[ 206@0,	10	]
[ 207@0,	8	]
[ 208@0,	9	]
[ 209@0,	9	]
[ 210@0,	9	]
[ 211@0,	10	]
[ 212@0,	10	]
[ 213@0,	7	]
[ 214@0,	8	]
[ 215@0,	7	]
[ 216@0,	7	]
[ 217@0,	7	]
[ 218@0,	8	]
[ 219@0,	10	]
[ 220@0,	9	]
[ 221@0,	7	]
[ 222@0,	9	]
[ 223@0,	8	]
[ 224@0,	10	]
[ 225@0,	10	]
[ 226@0,	7	]
[ 227@0,	9	]
[ 228@0,	8	]
[ 229@0,	10	]
[ 230@0,	7	]
[ 231@0,	10	]
[ 232@0,	10	]
[ 233@0,	9	]
[ 234@0,	10	]
[ 235@0,	9	]
[ 236@0,	7	]
[ 237@0,	9	]
[ 238@0,	8	]
[ 239@0,	7	]
[ 240@0,	8	]
[ 241@0,	9	]
[ 242@0,	9	]
[ 243@0,	9	]
[ 244@0,	10	]
[ 245@0,	7	]
[ 246@0,	8	]
[ 247@0,	9	]
[ 248@0,	9	]
[ 249@0,	9	]
[ 250@0,	7	]
[ 251@0,	10	]
[ 252@0,	10	]
[ 253@0,	9	]
[ 254@0,	9	]
[ 255@0,	10	]
[ 256@0,	9	]
[ 257@0,	7	]
[ 258@0,	7	]
[ 259@0,	7	]
[ 260@0,	7	]
[ 261@0,	9	]
[ 262@0,	10	]
[ 263@0,	9	]
[ 264@0,	7	]
[ 265@0,	9	]
[ 266@0,	9	]
[ 267@0,	8	]
[ 268@0,	8	]
[ 269@0,	7	]
[ 270@0,	7	]
[ 271@0,	10	]
[ 272@0,	8	]
[ 273@0,	7	]
[ 274@0,	9	]
[ 275@0,	9	]
[ 276@0,	10	]
[ 277@0,	9	]
[ 278@0,	8	]
[ 279@0,	7	]
[ 280@0,	10	]
[ 281@0,	10	]
[ 282@0,	9	]
[ 283@0,	7	]
[ 284@0,	7	]
[ 285@0,	10	]
[ 286@0,	8	]
[ 287@0,	9	]
[ 288@0,	9	]
[ 289@0,	9	]
[ 290@0,	10	]
[ 291@0,	8	]
[ 292@0,	7	]
[ 293@0,	9	]
[ 294@0,	8	]
[ 295@0,	8	]
[ 296@0,	7	]
[ 297@0,	7	]
[ 298@0,	8	]
[ 299@0,	9	]
[ 300@0,	8	]
[ 301@0,	9	]
[ 302@0,	10	]
[ 303@0,	7	]
[ 304@0,	10	]
[ 305@0,	10	]
[ 306@0,	8	]
[ 307@0,	8	]
[ 308@0,	8	]
[ 309@0,	7	]
[ 310@0,	10	]
[ 311@0,	7	]
[ 312@0,	10	]
[ 313@0,	7	]
[ 314@0,	10	]
[ 315@0,	10	]
[ 316@0,	7	]
[ 317@0,	8	]
[ 318@0,	10	]
[ 319@0,	8	]
[ 320@0,	9	]
[ 321@0,	9	]
[ 322@0,	8	]
[ 323@0,	7	]
[ 324@0,	8	]
[ 325@0,	7	]
[ 326@0,	8	]
[ 327@0,	8	]
[ 328@0,	10	]
[ 329@0,	7	]
[ 330@0,	8	]
[ 331@0,	9	]
[ 332@0,	10	]
[ 333@0,	8	]
[ 334@0,	7	]
[ 335@0,	9	]
[ 336@0,	9	]
[ 337@0,	10	]
[ 338@0,	9	]
[ 339@0,	10	]
[ 340@0,	7	]
[ 341@0,	9	]
[ 342@0,	7	]
[ 343@0,	10	]
[ 344@0,	7	]
[ 345@0,	7	]
[ 346@0,	10	]
[ 347@0,	9	]
[ 348@0,	7	]
[ 349@0,	7	]
[ 350@0,	9	]
[ 351@0,	9	]
[ 352@0,	7	]
[ 353@0,	9	]
[ 354@0,	8	]
[ 355@0,	10	]
[ 356@0,	10	]
[ 357@0,	8	]
[ 358@0,	7	]
[ 359@0,	8	]
[ 360@0,	7	]
[ 361@0,	8	]
[ 362@0,	7	]
[ 363@0,	9	]
[ 364@0,	8	]
[ 365@0,	7	]
#--------------------------#
# h	t  # name
# void	void  # type
#--------------------------#
#--------------------------#
# h	t  # name
# void	oid  # type
#--------------------------#
[ 0@0,	9	]
[ 1@0,	2	]
[ 2@0,	6	]
[ 3@0,	9	]
[ 4@0,	7	]
[ 5@0,	4	]
[ 6@0,	5	]
[ 7@0,	6	]
[ 8@0,	5	]
[ 9@0,	10	]
[ 10@0,	2	]
[ 11@0,	6	]
[ 12@0,	9	]
[ 13@0,	4	]
[ 14@0,	5	]
[ 15@0,	6	]
[ 16@0,	2	]
[ 17@0,	8	]
[ 18@0,	4	]
[ 19@0,	8	]
[ 20@0,	4	]
[ 21@0,	3	]
[ 22@0,	5	]
[ 23@0,	10	]
[ 24@0,	2	]
[ 25@0,	7	]
[ 26@0,	5	]
[ 27@0,	10	]
[ 28@0,	7	]
[ 29@0,	4	]
[ 30@0,	7	]
[ 31@0,	8	]
[ 32@0,	8	]
[ 33@0,	5	]
[ 34@0,	5	]
[ 35@0,	6	]
[ 36@0,	5	]
[ 37@0,	7	]
[ 38@0,	2	]
[ 39@0,	8	]
[ 40@0,	10	]
[ 41@0,	9	]
[ 42@0,	5	]
[ 43@0,	5	]
[ 44@0,	7	]
[ 45@0,	9	]
[ 46@0,	8	]
[ 47@0,	10	]
[ 48@0,	4	]
[ 49@0,	9	]
[ 50@0,	2	]
[ 51@0,	9	]
[ 52@0,	2	]
[ 53@0,	4	]
[ 54@0,	2	]
[ 55@0,	3	]
[ 56@0,	5	]
[ 57@0,	7	]
[ 58@0,	2	]
[ 59@0,	7	]
[ 60@0,	8	]
[ 61@0,	4	]
[ 62@0,	7	]
[ 63@0,	8	]
[ 64@0,	5	]
[ 65@0,	10	]
[ 66@0,	6	]
[ 67@0,	9	]
[ 68@0,	6	]
[ 69@0,	6	]
[ 70@0,	7	]
[ 71@0,	3	]
[ 72@0,	8	]
[ 73@0,	3	]
[ 74@0,	2	]
[ 75@0,	10	]
[ 76@0,	7	]
[ 77@0,	9	]
[ 78@0,	5	]
[ 79@0,	9	]
[ 80@0,	9	]
[ 81@0,	9	]
[ 82@0,	2	]
[ 83@0,	7	]
[ 84@0,	8	]
[ 85@0,	6	]
[ 86@0,	10	]
[ 87@0,	6	]
[ 88@0,	3	]
[ 89@0,	4	]
[ 90@0,	10	]
[ 91@0,	9	]
[ 92@0,	3	]
[ 93@0,	10	]
[ 94@0,	4	]
[ 95@0,	7	]
[ 96@0,	9	]
[ 97@0,	5	]
[ 98@0,	2	]
[ 99@0,	10	]
[ 100@0,	2	]
[ 101@0,	10	]
[ 102@0,	9	]
[ 103@0,	9	]
[ 104@0,	7	]
[ 105@0,	7	]
[ 106@0,	2	]
[ 107@0,	6	]
[ 108@0,	6	]
[ 109@0,	4	]
[ 110@0,	5	]
[ 111@0,	10	]
[ 112@0,	8	]
[ 113@0,	9	]
[ 114@0,	3	]
[ 115@0,	3	]
[ 116@0,	2	]
[ 117@0,	9	]
[ 118@0,	7	]
[ 119@0,	10	]
[ 120@0,	7	]
[ 121@0,	10	]
[ 122@0,	3	]
[ 123@0,	5	]
[ 124@0,	6	]
[ 125@0,	8	]
[ 126@0,	3	]
[ 127@0,	2	]
[ 128@0,	6	]
[ 129@0,	9	]
[ 130@0,	6	]
[ 131@0,	7	]
[ 132@0,	6	]
[ 133@0,	8	]
[ 134@0,	2	]
[ 135@0,	2	]
[ 136@0,	3	]
[ 137@0,	10	]
[ 138@0,	6	]
[ 139@0,	9	]
[ 140@0,	10	]
[ 141@0,	4	]
[ 142@0,	4	]
[ 143@0,	5	]
[ 144@0,	3	]
[ 145@0,	7	]
[ 146@0,	3	]
[ 147@0,	8	]
[ 148@0,	10	]
[ 149@0,	2	]
[ 150@0,	5	]
[ 151@0,	8	]
[ 152@0,	4	]
[ 153@0,	2	]
[ 154@0,	10	]
[ 155@0,	3	]
[ 156@0,	7	]
[ 157@0,	4	]
[ 158@0,	7	]
[ 159@0,	2	]
[ 160@0,	5	]
[ 161@0,	6	]
[ 162@0,	9	]
[ 163@0,	4	]
[ 164@0,	10	]
[ 165@0,	7	]
[ 166@0,	8	]
[ 167@0,	5	]
[ 168@0,	2	]
[ 169@0,	7	]
[ 170@0,	6	]
[ 171@0,	6	]
[ 172@0,	6	]
[ 173@0,	4	]
[ 174@0,	10	]
[ 175@0,	2	]
[ 176@0,	9	]
[ 177@0,	9	]
[ 178@0,	6	]
[ 179@0,	10	]
[ 180@0,	9	]
[ 181@0,	4	]
[ 182@0,	6	]
[ 183@0,	3	]
[ 184@0,	2	]
[ 185@0,	10	]
[ 186@0,	7	]
[ 187@0,	6	]
[ 188@0,	5	]
[ 189@0,	8	]
[ 190@0,	7	]
[ 191@0,	10	]
[ 192@0,	2	]
[ 193@0,	3	]
[ 194@0,	10	]
[ 195@0,	5	]
[ 196@0,	7	]
[ 197@0,	8	]
[ 198@0,	3	]
[ 199@0,	8	]
[ 200@0,	5	]
[ 201@0,	10	]
[ 202@0,	7	]
[ 203@0,	5	]
[ 204@0,	4	]
[ 205@0,	5	]
[ 206@0,	6	]
[ 207@0,	3	]
[ 208@0,	8	]
[ 209@0,	5	]
[ 210@0,	3	]
[ 211@0,	4	]
[ 212@0,	2	]
[ 213@0,	7	]
[ 214@0,	4	]
[ 215@0,	6	]
[ 216@0,	10	]
[ 217@0,	7	]
[ 218@0,	7	]
[ 219@0,	2	]
[ 220@0,	7	]
[ 221@0,	6	]
[ 222@0,	8	]
[ 223@0,	7	]
[ 224@0,	9	]
[ 225@0,	5	]
[ 226@0,	4	]
[ 227@0,	8	]
[ 228@0,	6	]
[ 229@0,	8	]
[ 230@0,	10	]
[ 231@0,	4	]
[ 232@0,	3	]
[ 233@0,	2	]
[ 234@0,	9	]
[ 235@0,	10	]
[ 236@0,	7	]
[ 237@0,	4	]
[ 238@0,	3	]
[ 239@0,	2	]
[ 240@0,	8	]
[ 241@0,	5	]
[ 242@0,	5	]
[ 243@0,	6	]
[ 244@0,	9	]
[ 245@0,	9	]
[ 246@0,	4	]
[ 247@0,	6	]
[ 248@0,	5	]
[ 249@0,	6	]
[ 250@0,	6	]
[ 251@0,	3	]
[ 252@0,	3	]
[ 253@0,	6	]
[ 254@0,	10	]
[ 255@0,	8	]
[ 256@0,	4	]
[ 257@0,	2	]
[ 258@0,	9	]
[ 259@0,	8	]
[ 260@0,	2	]
[ 261@0,	3	]
[ 262@0,	6	]
[ 263@0,	6	]
[ 264@0,	10	]
[ 265@0,	3	]
[ 266@0,	8	]
[ 267@0,	8	]
[ 268@0,	6	]
[ 269@0,	5	]
[ 270@0,	6	]
[ 271@0,	6	]
[ 272@0,	3	]
[ 273@0,	2	]
[ 274@0,	7	]
[ 275@0,	10	]
[ 276@0,	3	]
[ 277@0,	3	]
[ 278@0,	10	]
[ 279@0,	3	]
[ 280@0,	7	]
[ 281@0,	10	]
[ 282@0,	9	]
[ 283@0,	8	]
[ 284@0,	3	]
[ 285@0,	4	]
[ 286@0,	10	]
[ 287@0,	10	]
[ 288@0,	4	]
[ 289@0,	7	]
[ 290@0,	2	]
[ 291@0,	8	]
[ 292@0,	7	]
[ 293@0,	7	]
[ 294@0,	9	]
[ 295@0,	3	]
[ 296@0,	4	]
[ 297@0,	4	]
[ 298@0,	9	]
[ 299@0,	3	]
[ 300@0,	6	]
[ 301@0,	6	]
[ 302@0,	9	]
[ 303@0,	7	]
[ 304@0,	8	]
[ 305@0,	10	]
[ 306@0,	4	]
[ 307@0,	5	]
[ 308@0,	10	]
[ 309@0,	8	]
[ 310@0,	5	]
[ 311@0,	6	]
[ 312@0,	4	]
[ 313@0,	7	]
[ 314@0,	8	]
[ 315@0,	9	]
[ 316@0,	10	]
[ 317@0,	3	]
[ 318@0,	9	]
[ 319@0,	2	]
[ 320@0,	10	]
[ 321@0,	3	]
[ 322@0,	4	]
[ 323@0,	2	]
[ 324@0,	2	]
[ 325@0,	2	]
[ 326@0,	7	]
[ 327@0,	5	]
[ 328@0,	9	]
[ 329@0,	7	]
[ 330@0,	10	]
[ 331@0,	10	]
[ 332@0,	10	]
[ 333@0,	2	]
[ 334@0,	6	]
[ 335@0,	4	]
[ 336@0,	3	]
[ 337@0,	3	]
[ 338@0,	3	]
[ 339@0,	5	]
[ 340@0,	5	]
[ 341@0,	5	]
[ 342@0,	2	]
[ 343@0,	5	]
[ 344@0,	2	]
[ 345@0,	5	]
[ 346@0,	5	]
[ 347@0,	4	]
[ 348@0,	7	]
[ 349@0,	2	]
[ 350@0,	4	]
[ 351@0,	6	]
[ 352@0,	2	]
[ 353@0,	3	]
[ 354@0,	4	]
[ 355@0,	6	]
[ 356@0,	3	]
[ 357@0,	6	]
[ 358@0,	7	]
[ 359@0,	4	]
[ 360@0,	2	]
[ 361@0,	3	]
[ 362@0,	10	]
[ 363@0,	4	]
[ 364@0,	2	]
[ 365@0,	2	]
[ 366@0,	5	]
[ 367@0,	10	]
[ 368@0,	10	]
[ 369@0,	2	]
[ 370@0,	2	]
[ 371@0,	9	]
[ 372@0,	2	]
[ 373@0,	7	]
[ 374@0,	10	]
[ 375@0,	9	]
[ 376@0,	3	]
[ 377@0,	3	]
[ 378@0,	3	]
[ 379@0,	6	]
[ 380@0,	2	]
[ 381@0,	9	]
[ 382@0,	7	]
[ 383@0,	5	]
[ 384@0,	3	]
[ 385@0,	6	]
[ 386@0,	10	]
[ 387@0,	5	]
[ 388@0,	10	]
[ 389@0,	9	]
[ 390@0,	4	]
[ 391@0,	3	]
[ 392@0,	3	]
[ 393@0,	2	]
[ 394@0,	5	]
[ 395@0,	7	]
[ 396@0,	7	]
[ 397@0,	4	]
[ 398@0,	6	]
[ 399@0,	10	]
[ 400@0,	4	]
[ 401@0,	4	]
[ 402@0,	2	]
[ 403@0,	6	]
[ 404@0,	5	]
[ 405@0,	7	]
[ 406@0,	5	]
[ 407@0,	10	]
[ 408@0,	2	]
[ 409@0,	3	]
[ 410@0,	6	]
[ 411@0,	7	]
[ 412@0,	5	]
[ 413@0,	6	]
[ 414@0,	6	]
[ 415@0,	7	]
[ 416@0,	2	]
[ 417@0,	7	]
[ 418@0,	6	]
[ 419@0,	8	]
[ 420@0,	6	]
[ 421@0,	7	]
[ 422@0,	4	]
[ 423@0,	4	]
[ 424@0,	6	]
[ 425@0,	9	]
[ 426@0,	7	]
[ 427@0,	5	]
[ 428@0,	3	]
[ 429@0,	2	]
[ 430@0,	2	]
[ 431@0,	3	]
[ 432@0,	9	]
[ 433@0,	8	]
[ 434@0,	2	]
[ 435@0,	3	]
[ 436@0,	8	]
[ 437@0,	10	]
[ 438@0,	3	]
[ 439@0,	4	]
[ 440@0,	7	]
[ 441@0,	8	]
[ 442@0,	8	]
[ 443@0,	6	]
[ 444@0,	4	]
[ 445@0,	5	]
[ 446@0,	10	]
[ 447@0,	5	]
[ 448@0,	8	]
[ 449@0,	4	]
[ 450@0,	3	]
[ 451@0,	4	]
[ 452@0,	5	]
[ 453@0,	5	]
[ 454@0,	6	]
[ 455@0,	2	]
[ 456@0,	7	]
[ 457@0,	5	]
[ 458@0,	7	]
[ 459@0,	9	]
[ 460@0,	4	]
[ 461@0,	7	]
[ 462@0,	3	]
[ 463@0,	5	]
[ 464@0,	7	]
[ 465@0,	6	]
[ 466@0,	9	]
[ 467@0,	5	]
[ 468@0,	7	]
[ 469@0,	3	]
[ 470@0,	2	]
[ 471@0,	3	]
[ 472@0,	5	]
[ 473@0,	6	]
[ 474@0,	7	]
[ 475@0,	4	]
[ 476@0,	5	]
[ 477@0,	5	]
[ 478@0,	10	]
[ 479@0,	6	]
[ 480@0,	10	]
[ 481@0,	9	]
[ 482@0,	2	]
[ 483@0,	7	]
[ 484@0,	10	]
[ 485@0,	6	]
[ 486@0,	2	]
[ 487@0,	7	]
[ 488@0,	2	]
[ 489@0,	6	]
[ 490@0,	8	]
[ 491@0,	7	]
[ 492@0,	5	]
[ 493@0,	4	]
[ 494@0,	6	]
[ 495@0,	5	]
[ 496@0,	3	]
[ 497@0,	7	]
[ 498@0,	4	]
[ 499@0,	2	]
[ 500@0,	5	]
[ 501@0,	2	]
[ 502@0,	5	]
[ 503@0,	4	]
[ 504@0,	6	]
[ 505@0,	5	]
[ 506@0,	10	]
[ 507@0,	6	]
[ 508@0,	8	]
[ 509@0,	9	]
[ 510@0,	6	]
[ 511@0,	9	]
[ 512@0,	4	]
[ 513@0,	3	]
[ 514@0,	5	]
[ 515@0,	9	]
[ 516@0,	10	]
[ 517@0,	5	]
[ 518@0,	10	]
[ 519@0,	3	]
[ 520@0,	4	]
[ 521@0,	2	]
[ 522@0,	2	]
[ 523@0,	7	]
[ 524@0,	8	]
[ 525@0,	7	]
[ 526@0,	5	]
[ 527@0,	3	]
[ 528@0,	4	]
[ 529@0,	5	]
[ 530@0,	2	]
[ 531@0,	7	]
[ 532@0,	3	]
[ 533@0,	5	]
[ 534@0,	7	]
[ 535@0,	8	]
[ 536@0,	3	]
[ 537@0,	10	]
[ 538@0,	9	]
[ 539@0,	6	]
[ 540@0,	7	]
[ 541@0,	3	]
[ 542@0,	9	]
[ 543@0,	5	]
[ 544@0,	8	]
[ 545@0,	10	]
[ 546@0,	3	]
[ 547@0,	6	]
[ 548@0,	10	]
[ 549@0,	7	]
[ 550@0,	9	]
[ 551@0,	8	]
[ 552@0,	10	]
[ 553@0,	2	]
[ 554@0,	7	]
[ 555@0,	2	]
[ 556@0,	6	]
[ 557@0,	6	]
[ 558@0,	3	]
[ 559@0,	6	]
[ 560@0,	3	]
[ 561@0,	6	]
[ 562@0,	10	]
[ 563@0,	2	]
[ 564@0,	10	]
[ 565@0,	3	]
[ 566@0,	9	]
[ 567@0,	10	]
[ 568@0,	9	]
[ 569@0,	3	]
[ 570@0,	7	]
[ 571@0,	3	]
[ 572@0,	3	]
[ 573@0,	9	]
[ 574@0,	3	]
[ 575@0,	4	]
[ 576@0,	3	]
[ 577@0,	4	]
[ 578@0,	5	]
[ 579@0,	8	]
[ 580@0,	7	]
[ 581@0,	8	]
[ 582@0,	9	]
[ 583@0,	9	]
[ 584@0,	2	]
[ 585@0,	5	]
[ 586@0,	9	]
[ 587@0,	10	]
[ 588@0,	3	]
[ 589@0,	6	]
[ 590@0,	3	]
[ 591@0,	7	]
[ 592@0,	8	]
[ 593@0,	3	]
[ 594@0,	4	]
[ 595@0,	9	]
[ 596@0,	4	]
[ 597@0,	9	]
[ 598@0,	4	]
[ 599@0,	9	]
[ 600@0,	7	]
[ 601@0,	3	]
[ 602@0,	4	]
[ 603@0,	10	]
[ 604@0,	10	]
[ 605@0,	2	]
[ 606@0,	9	]
[ 607@0,	4	]
[ 608@0,	5	]
[ 609@0,	3	]
[ 610@0,	9	]
[ 611@0,	10	]
[ 612@0,	5	]
[ 613@0,	3	]
[ 614@0,	9	]
[ 615@0,	3	]
[ 616@0,	5	]
[ 617@0,	6	]
[ 618@0,	7	]
[ 619@0,	7	]
[ 620@0,	2	]
[ 621@0,	7	]
[ 622@0,	7	]
[ 623@0,	9	]
[ 624@0,	4	]
[ 625@0,	10	]
[ 626@0,	9	]
[ 627@0,	4	]
[ 628@0,	4	]
[ 629@0,	7	]
[ 630@0,	9	]
[ 631@0,	3	]
[ 632@0,	9	]
[ 633@0,	8	]
[ 634@0,	8	]
[ 635@0,	4	]
[ 636@0,	5	]
[ 637@0,	2	]
[ 638@0,	3	]
[ 639@0,	4	]
[ 640@0,	7	]
[ 641@0,	7	]
[ 642@0,	5	]
[ 643@0,	10	]
[ 644@0,	5	]
[ 645@0,	8	]
[ 646@0,	7	]
[ 647@0,	3	]
[ 648@0,	9	]
[ 649@0,	4	]
[ 650@0,	5	]
[ 651@0,	9	]
[ 652@0,	10	]
[ 653@0,	9	]
[ 654@0,	8	]
[ 655@0,	5	]
[ 656@0,	2	]
[ 657@0,	7	]
[ 658@0,	2	]
[ 659@0,	10	]
[ 660@0,	4	]
[ 661@0,	10	]
[ 662@0,	9	]
[ 663@0,	7	]
[ 664@0,	7	]
[ 665@0,	10	]
[ 666@0,	8	]
[ 667@0,	9	]
[ 668@0,	9	]
[ 669@0,	9	]
[ 670@0,	10	]
[ 671@0,	8	]
[ 672@0,	7	]
[ 673@0,	9	]
[ 674@0,	8	]
[ 675@0,	8	]
[ 676@0,	2	]
[ 677@0,	7	]
[ 678@0,	7	]
[ 679@0,	4	]
[ 680@0,	5	]
[ 681@0,	8	]
[ 682@0,	5	]
[ 683@0,	2	]
[ 684@0,	5	]
[ 685@0,	2	]
[ 686@0,	4	]
[ 687@0,	6	]
[ 688@0,	2	]
[ 689@0,	9	]
[ 690@0,	8	]
[ 691@0,	9	]
[ 692@0,	10	]
[ 693@0,	6	]
[ 694@0,	7	]
[ 695@0,	6	]
[ 696@0,	10	]
[ 697@0,	2	]
[ 698@0,	10	]
[ 699@0,	8	]
[ 700@0,	8	]
[ 701@0,	8	]
[ 702@0,	3	]
[ 703@0,	3	]
[ 704@0,	7	]
[ 705@0,	10	]
[ 706@0,	7	]
[ 707@0,	3	]
[ 708@0,	10	]
[ 709@0,	7	]
[ 710@0,	10	]
[ 711@0,	6	]
[ 712@0,	5	]
[ 713@0,	6	]
[ 714@0,	10	]
[ 715@0,	7	]
[ 716@0,	4	]
[ 717@0,	8	]
[ 718@0,	4	]
[ 719@0,	2	]
[ 720@0,	3	]
[ 721@0,	2	]
[ 722@0,	5	]
[ 723@0,	10	]
[ 724@0,	3	]
[ 725@0,	5	]
[ 726@0,	8	]
[ 727@0,	9	]
[ 728@0,	4	]
[ 729@0,	9	]
[ 730@0,	8	]
[ 731@0,	7	]
[ 732@0,	8	]
[ 733@0,	4	]
[ 734@0,	5	]
[ 735@0,	7	]
[ 736@0,	4	]
[ 737@0,	2	]
[ 738@0,	8	]
[ 739@0,	5	]
[ 740@0,	5	]
[ 741@0,	8	]
[ 742@0,	3	]
[ 743@0,	5	]
[ 744@0,	10	]
[ 745@0,	6	]
[ 746@0,	7	]
[ 747@0,	8	]
[ 748@0,	6	]
[ 749@0,	9	]
[ 750@0,	10	]
[ 751@0,	3	]
[ 752@0,	8	]
[ 753@0,	7	]
[ 754@0,	2	]
[ 755@0,	9	]
[ 756@0,	2	]
[ 757@0,	9	]
[ 758@0,	10	]
[ 759@0,	6	]
[ 760@0,	9	]
[ 761@0,	5	]
[ 762@0,	10	]
[ 763@0,	7	]
[ 764@0,	3	]
[ 765@0,	6	]
[ 766@0,	4	]
[ 767@0,	9	]
[ 768@0,	7	]
[ 769@0,	10	]
[ 770@0,	7	]
[ 771@0,	4	]
[ 772@0,	7	]
[ 773@0,	10	]
[ 774@0,	6	]
[ 775@0,	5	]
[ 776@0,	5	]
[ 777@0,	9	]
[ 778@0,	7	]
[ 779@0,	5	]
[ 780@0,	2	]
[ 781@0,	7	]
[ 782@0,	5	]
[ 783@0,	6	]
[ 784@0,	9	]
[ 785@0,	3	]
[ 786@0,	5	]
[ 787@0,	4	]
[ 788@0,	2	]
[ 789@0,	9	]
[ 790@0,	2	]
[ 791@0,	3	]
[ 792@0,	5	]
[ 793@0,	2	]
[ 794@0,	3	]
[ 795@0,	3	]
[ 796@0,	2	]
[ 797@0,	4	]
[ 798@0,	7	]
[ 799@0,	3	]
[ 800@0,	5	]
[ 801@0,	9	]
[ 802@0,	3	]
[ 803@0,	8	]
[ 804@0,	2	]
[ 805@0,	10	]
[ 806@0,	4	]
[ 807@0,	6	]
[ 808@0,	2	]
[ 809@0,	3	]
[ 810@0,	2	]
[ 811@0,	4	]
[ 812@0,	2	]
[ 813@0,	10	]
[ 814@0,	3	]
[ 815@0,	8	]
[ 816@0,	5	]
[ 817@0,	6	]
[ 818@0,	7	]
[ 819@0,	2	]
[ 820@0,	4	]
[ 821@0,	8	]
[ 822@0,	7	]
[ 823@0,	3	]
[ 824@0,	4	]
[ 825@0,	2	]
[ 826@0,	2	]
[ 827@0,	3	]
[ 828@0,	8	]
[ 829@0,	7	]
[ 830@0,	5	]
[ 831@0,	5	]
[ 832@0,	9	]
[ 833@0,	5	]
[ 834@0,	6	]
[ 835@0,	8	]
[ 836@0,	7	]
[ 837@0,	6	]
[ 838@0,	2	]
[ 839@0,	2	]
[ 840@0,	2	]
#--------------------------#
# h	t  # name
# void	oid  # type
#--------------------------#
[ 0@0,	9	]
[ 1@0,	6	]
[ 2@0,	9	]
[ 3@0,	7	]
[ 4@0,	4	]
[ 5@0,	5	]
[ 6@0,	6	]
[ 7@0,	5	]
[ 8@0,	10	]
[ 9@0,	6	]
[ 10@0,	9	]
[ 11@0,	4	]
[ 12@0,	5	]
[ 13@0,	6	]
[ 14@0,	8	]
[ 15@0,	4	]
[ 16@0,	8	]
[ 17@0,	4	]
[ 18@0,	5	]
[ 19@0,	10	]
[ 20@0,	7	]
[ 21@0,	5	]
[ 22@0,	10	]
[ 23@0,	7	]
[ 24@0,	4	]
[ 25@0,	7	]
[ 26@0,	8	]
[ 27@0,	8	]
[ 28@0,	5	]
[ 29@0,	5	]
[ 30@0,	6	]
[ 31@0,	5	]
[ 32@0,	7	]
[ 33@0,	8	]
[ 34@0,	10	]
[ 35@0,	9	]
[ 36@0,	5	]
[ 37@0,	5	]
[ 38@0,	7	]
[ 39@0,	9	]
[ 40@0,	8	]
[ 41@0,	10	]
[ 42@0,	4	]
[ 43@0,	9	]
[ 44@0,	9	]
[ 45@0,	4	]
[ 46@0,	5	]
[ 47@0,	7	]
[ 48@0,	7	]
[ 49@0,	8	]
[ 50@0,	4	]
[ 51@0,	7	]
[ 52@0,	8	]
[ 53@0,	5	]
[ 54@0,	10	]
[ 55@0,	6	]
[ 56@0,	9	]
[ 57@0,	6	]
[ 58@0,	6	]
[ 59@0,	7	]
[ 60@0,	8	]
[ 61@0,	10	]
[ 62@0,	7	]
[ 63@0,	9	]
[ 64@0,	5	]
[ 65@0,	9	]
[ 66@0,	9	]
[ 67@0,	9	]
[ 68@0,	7	]
[ 69@0,	8	]
[ 70@0,	6	]
[ 71@0,	10	]
[ 72@0,	6	]
[ 73@0,	4	]
[ 74@0,	10	]
[ 75@0,	9	]
[ 76@0,	10	]
[ 77@0,	4	]
[ 78@0,	7	]
[ 79@0,	9	]
[ 80@0,	5	]
[ 81@0,	10	]
[ 82@0,	10	]
[ 83@0,	9	]
[ 84@0,	9	]
[ 85@0,	7	]
[ 86@0,	7	]
[ 87@0,	6	]
[ 88@0,	6	]
[ 89@0,	4	]
[ 90@0,	5	]
[ 91@0,	10	]
[ 92@0,	8	]
[ 93@0,	9	]
[ 94@0,	9	]
[ 95@0,	7	]
[ 96@0,	10	]
[ 97@0,	7	]
[ 98@0,	10	]
[ 99@0,	5	]
[ 100@0,	6	]
[ 101@0,	8	]
[ 102@0,	6	]
[ 103@0,	9	]
[ 104@0,	6	]
[ 105@0,	7	]
[ 106@0,	6	]
[ 107@0,	8	]
[ 108@0,	10	]
[ 109@0,	6	]
[ 110@0,	9	]
[ 111@0,	10	]
[ 112@0,	4	]
[ 113@0,	4	]
[ 114@0,	5	]
[ 115@0,	7	]
[ 116@0,	8	]
[ 117@0,	10	]
[ 118@0,	5	]
[ 119@0,	8	]
[ 120@0,	4	]
[ 121@0,	10	]
[ 122@0,	7	]
[ 123@0,	4	]
[ 124@0,	7	]
[ 125@0,	5	]
[ 126@0,	6	]
[ 127@0,	9	]
[ 128@0,	4	]
[ 129@0,	10	]
[ 130@0,	7	]
[ 131@0,	8	]
[ 132@0,	5	]
[ 133@0,	7	]
[ 134@0,	6	]
[ 135@0,	6	]
[ 136@0,	6	]
[ 137@0,	4	]
[ 138@0,	10	]
[ 139@0,	9	]
[ 140@0,	9	]
[ 141@0,	6	]
[ 142@0,	10	]
[ 143@0,	9	]
[ 144@0,	4	]
[ 145@0,	6	]
[ 146@0,	10	]
[ 147@0,	7	]
[ 148@0,	6	]
[ 149@0,	5	]
[ 150@0,	8	]
[ 151@0,	7	]
[ 152@0,	10	]
[ 153@0,	10	]
[ 154@0,	5	]
[ 155@0,	7	]
[ 156@0,	8	]
[ 157@0,	8	]
[ 158@0,	5	]
[ 159@0,	10	]
[ 160@0,	7	]
[ 161@0,	5	]
[ 162@0,	4	]
[ 163@0,	5	]
[ 164@0,	6	]
[ 165@0,	8	]
[ 166@0,	5	]
[ 167@0,	4	]
[ 168@0,	7	]
[ 169@0,	4	]
[ 170@0,	6	]
[ 171@0,	10	]
[ 172@0,	7	]
[ 173@0,	7	]
[ 174@0,	7	]
[ 175@0,	6	]
[ 176@0,	8	]
[ 177@0,	7	]
[ 178@0,	9	]
[ 179@0,	5	]
[ 180@0,	4	]
[ 181@0,	8	]
[ 182@0,	6	]
[ 183@0,	8	]
[ 184@0,	10	]
[ 185@0,	4	]
[ 186@0,	9	]
[ 187@0,	10	]
[ 188@0,	7	]
[ 189@0,	4	]
[ 190@0,	8	]
[ 191@0,	5	]
[ 192@0,	5	]
[ 193@0,	6	]
[ 194@0,	9	]
[ 195@0,	9	]
[ 196@0,	4	]
[ 197@0,	6	]
[ 198@0,	5	]
[ 199@0,	6	]
[ 200@0,	6	]
[ 201@0,	6	]
[ 202@0,	10	]
[ 203@0,	8	]
[ 204@0,	4	]
[ 205@0,	9	]
[ 206@0,	8	]
[ 207@0,	6	]
[ 208@0,	6	]
[ 209@0,	10	]
[ 210@0,	8	]
[ 211@0,	8	]
[ 212@0,	6	]
[ 213@0,	5	]
[ 214@0,	6	]
[ 215@0,	6	]
[ 216@0,	7	]
[ 217@0,	10	]
[ 218@0,	10	]
[ 219@0,	7	]
[ 220@0,	10	]
[ 221@0,	9	]
[ 222@0,	8	]
[ 223@0,	4	]
[ 224@0,	10	]
[ 225@0,	10	]
[ 226@0,	4	]
[ 227@0,	7	]
[ 228@0,	8	]
[ 229@0,	7	]
[ 230@0,	7	]
[ 231@0,	9	]
[ 232@0,	4	]
[ 233@0,	4	]
[ 234@0,	9	]
[ 235@0,	6	]
[ 236@0,	6	]
[ 237@0,	9	]
[ 238@0,	7	]
[ 239@0,	8	]
[ 240@0,	10	]
[ 241@0,	4	]
[ 242@0,	5	]
[ 243@0,	10	]
[ 244@0,	8	]
[ 245@0,	5	]
[ 246@0,	6	]
[ 247@0,	4	]
[ 248@0,	7	]
[ 249@0,	8	]
[ 250@0,	9	]
[ 251@0,	10	]
[ 252@0,	9	]
[ 253@0,	10	]
[ 254@0,	4	]
[ 255@0,	7	]
[ 256@0,	5	]
[ 257@0,	9	]
[ 258@0,	7	]
[ 259@0,	10	]
[ 260@0,	10	]
[ 261@0,	10	]
[ 262@0,	6	]
[ 263@0,	4	]
[ 264@0,	5	]
[ 265@0,	5	]
[ 266@0,	5	]
[ 267@0,	5	]
[ 268@0,	5	]
[ 269@0,	5	]
[ 270@0,	4	]
[ 271@0,	7	]
[ 272@0,	4	]
[ 273@0,	6	]
[ 274@0,	4	]
[ 275@0,	6	]
[ 276@0,	6	]
[ 277@0,	7	]
[ 278@0,	4	]
[ 279@0,	10	]
[ 280@0,	4	]
[ 281@0,	5	]
[ 282@0,	10	]
[ 283@0,	10	]
[ 284@0,	9	]
[ 285@0,	7	]
[ 286@0,	10	]
[ 287@0,	9	]
[ 288@0,	6	]
[ 289@0,	9	]
[ 290@0,	7	]
[ 291@0,	5	]
[ 292@0,	6	]
[ 293@0,	10	]
[ 294@0,	5	]
[ 295@0,	10	]
[ 296@0,	9	]
[ 297@0,	4	]
[ 298@0,	5	]
[ 299@0,	7	]
[ 300@0,	7	]
[ 301@0,	4	]
[ 302@0,	6	]
[ 303@0,	10	]
[ 304@0,	4	]
[ 305@0,	4	]
[ 306@0,	6	]
[ 307@0,	5	]
[ 308@0,	7	]
[ 309@0,	5	]
[ 310@0,	10	]
[ 311@0,	6	]
[ 312@0,	7	]
[ 313@0,	5	]
[ 314@0,	6	]
[ 315@0,	6	]
[ 316@0,	7	]
[ 317@0,	7	]
[ 318@0,	6	]
[ 319@0,	8	]
[ 320@0,	6	]
[ 321@0,	7	]
[ 322@0,	4	]
[ 323@0,	4	]
[ 324@0,	6	]
[ 325@0,	9	]
[ 326@0,	7	]
[ 327@0,	5	]
[ 328@0,	9	]
[ 329@0,	8	]
[ 330@0,	8	]
[ 331@0,	10	]
[ 332@0,	4	]
[ 333@0,	7	]
[ 334@0,	8	]
[ 335@0,	8	]
[ 336@0,	6	]
[ 337@0,	4	]
[ 338@0,	5	]
[ 339@0,	10	]
[ 340@0,	5	]
[ 341@0,	8	]
[ 342@0,	4	]
[ 343@0,	4	]
[ 344@0,	5	]
[ 345@0,	5	]
[ 346@0,	6	]
[ 347@0,	7	]
[ 348@0,	5	]
[ 349@0,	7	]
[ 350@0,	9	]
[ 351@0,	4	]
[ 352@0,	7	]
[ 353@0,	5	]
[ 354@0,	7	]
[ 355@0,	6	]
[ 356@0,	9	]
[ 357@0,	5	]
[ 358@0,	7	]
[ 359@0,	5	]
[ 360@0,	6	]
[ 361@0,	7	]
[ 362@0,	4	]
[ 363@0,	5	]
[ 364@0,	5	]
[ 365@0,	10	]
[ 366@0,	6	]
[ 367@0,	10	]
[ 368@0,	9	]
[ 369@0,	7	]
[ 370@0,	10	]
[ 371@0,	6	]
[ 372@0,	7	]
[ 373@0,	6	]
[ 374@0,	8	]
[ 375@0,	7	]
[ 376@0,	5	]
[ 377@0,	4	]
[ 378@0,	6	]
[ 379@0,	5	]
[ 380@0,	7	]
[ 381@0,	4	]
[ 382@0,	5	]
[ 383@0,	5	]
[ 384@0,	4	]
[ 385@0,	6	]
[ 386@0,	5	]
[ 387@0,	10	]
[ 388@0,	6	]
[ 389@0,	8	]
[ 390@0,	9	]
[ 391@0,	6	]
[ 392@0,	9	]
[ 393@0,	4	]
[ 394@0,	5	]
[ 395@0,	9	]
[ 396@0,	10	]
[ 397@0,	5	]
[ 398@0,	10	]
[ 399@0,	4	]
[ 400@0,	7	]
[ 401@0,	8	]
[ 402@0,	7	]
[ 403@0,	5	]
[ 404@0,	4	]
[ 405@0,	5	]
[ 406@0,	7	]
[ 407@0,	5	]
[ 408@0,	7	]
[ 409@0,	8	]
[ 410@0,	10	]
[ 411@0,	9	]
[ 412@0,	6	]
[ 413@0,	7	]
[ 414@0,	9	]
[ 415@0,	5	]
[ 416@0,	8	]
[ 417@0,	10	]
[ 418@0,	6	]
[ 419@0,	10	]
[ 420@0,	7	]
[ 421@0,	9	]
[ 422@0,	8	]
[ 423@0,	10	]
[ 424@0,	7	]
[ 425@0,	6	]
[ 426@0,	6	]
[ 427@0,	6	]
[ 428@0,	6	]
[ 429@0,	10	]
[ 430@0,	10	]
[ 431@0,	9	]
[ 432@0,	10	]
[ 433@0,	9	]
[ 434@0,	7	]
[ 435@0,	9	]
[ 436@0,	4	]
[ 437@0,	4	]
[ 438@0,	5	]
[ 439@0,	8	]
[ 440@0,	7	]
[ 441@0,	8	]
[ 442@0,	9	]
[ 443@0,	9	]
[ 444@0,	5	]
[ 445@0,	9	]
[ 446@0,	10	]
[ 447@0,	6	]
[ 448@0,	7	]
[ 449@0,	8	]
[ 450@0,	4	]
[ 451@0,	9	]
[ 452@0,	4	]
[ 453@0,	9	]
[ 454@0,	4	]
[ 455@0,	9	]
[ 456@0,	7	]
[ 457@0,	4	]
[ 458@0,	10	]
[ 459@0,	10	]
[ 460@0,	9	]
[ 461@0,	4	]
[ 462@0,	5	]
[ 463@0,	9	]
[ 464@0,	10	]
[ 465@0,	5	]
[ 466@0,	9	]
[ 467@0,	5	]
[ 468@0,	6	]
[ 469@0,	7	]
[ 470@0,	7	]
[ 471@0,	7	]
[ 472@0,	7	]
[ 473@0,	9	]
[ 474@0,	4	]
[ 475@0,	10	]
[ 476@0,	9	]
[ 477@0,	4	]
[ 478@0,	4	]
[ 479@0,	7	]
[ 480@0,	9	]
[ 481@0,	9	]
[ 482@0,	8	]
[ 483@0,	8	]
[ 484@0,	4	]
[ 485@0,	5	]
[ 486@0,	4	]
[ 487@0,	7	]
[ 488@0,	7	]
[ 489@0,	5	]
[ 490@0,	10	]
[ 491@0,	5	]
[ 492@0,	8	]
[ 493@0,	7	]
[ 494@0,	9	]
[ 495@0,	4	]
[ 496@0,	5	]
[ 497@0,	9	]
[ 498@0,	10	]
[ 499@0,	9	]
[ 500@0,	8	]
[ 501@0,	5	]
[ 502@0,	7	]
[ 503@0,	10	]
[ 504@0,	4	]
[ 505@0,	10	]
[ 506@0,	9	]
[ 507@0,	7	]
[ 508@0,	7	]
[ 509@0,	10	]
[ 510@0,	8	]
[ 511@0,	9	]
[ 512@0,	9	]
[ 513@0,	9	]
[ 514@0,	10	]
[ 515@0,	8	]
[ 516@0,	7	]
[ 517@0,	9	]
[ 518@0,	8	]
[ 519@0,	8	]
[ 520@0,	7	]
[ 521@0,	7	]
[ 522@0,	4	]
[ 523@0,	5	]
[ 524@0,	8	]
[ 525@0,	5	]
[ 526@0,	5	]
[ 527@0,	4	]
[ 528@0,	6	]
[ 529@0,	9	]
[ 530@0,	8	]
[ 531@0,	9	]
[ 532@0,	10	]
[ 533@0,	6	]
[ 534@0,	7	]
[ 535@0,	6	]
[ 536@0,	10	]
[ 537@0,	10	]
[ 538@0,	8	]
[ 539@0,	8	]
[ 540@0,	8	]
[ 541@0,	7	]
[ 542@0,	10	]
[ 543@0,	7	]
[ 544@0,	10	]
[ 545@0,	7	]
[ 546@0,	10	]
[ 547@0,	6	]
[ 548@0,	5	]
[ 549@0,	6	]
[ 550@0,	10	]
[ 551@0,	7	]
[ 552@0,	4	]
[ 553@0,	8	]
[ 554@0,	4	]
[ 555@0,	5	]
[ 556@0,	10	]
[ 557@0,	5	]
[ 558@0,	8	]
[ 559@0,	9	]
[ 560@0,	4	]
[ 561@0,	9	]
[ 562@0,	8	]
[ 563@0,	7	]
[ 564@0,	8	]
[ 565@0,	4	]
[ 566@0,	5	]
[ 567@0,	7	]
[ 568@0,	4	]
[ 569@0,	8	]
[ 570@0,	5	]
[ 571@0,	5	]
[ 572@0,	8	]
[ 573@0,	5	]
[ 574@0,	10	]
[ 575@0,	6	]
[ 576@0,	7	]
[ 577@0,	8	]
[ 578@0,	6	]
[ 579@0,	9	]
[ 580@0,	10	]
[ 581@0,	8	]
[ 582@0,	7	]
[ 583@0,	9	]
[ 584@0,	9	]
[ 585@0,	10	]
[ 586@0,	6	]
[ 587@0,	9	]
[ 588@0,	5	]
[ 589@0,	10	]
[ 590@0,	7	]
[ 591@0,	6	]
[ 592@0,	4	]
[ 593@0,	9	]
[ 594@0,	7	]
[ 595@0,	10	]
[ 596@0,	7	]
[ 597@0,	4	]
[ 598@0,	7	]
[ 599@0,	10	]
[ 600@0,	6	]
[ 601@0,	5	]
[ 602@0,	5	]
[ 603@0,	9	]
[ 604@0,	7	]
[ 605@0,	5	]
[ 606@0,	7	]
[ 607@0,	5	]
[ 608@0,	6	]
[ 609@0,	9	]
[ 610@0,	5	]
[ 611@0,	4	]
[ 612@0,	9	]
[ 613@0,	5	]
[ 614@0,	4	]
[ 615@0,	7	]
[ 616@0,	5	]
[ 617@0,	9	]
[ 618@0,	8	]
[ 619@0,	10	]
[ 620@0,	4	]
[ 621@0,	6	]
[ 622@0,	4	]
[ 623@0,	10	]
[ 624@0,	8	]
[ 625@0,	5	]
[ 626@0,	6	]
[ 627@0,	7	]
[ 628@0,	4	]
[ 629@0,	8	]
[ 630@0,	7	]
[ 631@0,	4	]
[ 632@0,	8	]
[ 633@0,	7	]
[ 634@0,	5	]
[ 635@0,	5	]
[ 636@0,	9	]
[ 637@0,	5	]
[ 638@0,	6	]
[ 639@0,	8	]
[ 640@0,	7	]
[ 641@0,	6	]
#--------------------------#
# h	t  # name
# void	void  # type
#--------------------------#
#--------------------------#
# h	t  # name
# void	oid  # type
#--------------------------#
[ 0@0,	9	]
[ 1@0,	6	]
[ 2@0,	9	]
[ 3@0,	7	]
[ 4@0,	6	]
[ 5@0,	10	]
[ 6@0,	6	]
[ 7@0,	9	]
[ 8@0,	6	]
[ 9@0,	8	]
[ 10@0,	8	]
[ 11@0,	10	]
[ 12@0,	7	]
[ 13@0,	10	]
[ 14@0,	7	]
[ 15@0,	7	]
[ 16@0,	8	]
[ 17@0,	8	]
[ 18@0,	6	]
[ 19@0,	7	]
[ 20@0,	8	]
[ 21@0,	10	]
[ 22@0,	9	]
[ 23@0,	7	]
[ 24@0,	9	]
[ 25@0,	8	]
[ 26@0,	10	]
[ 27@0,	9	]
[ 28@0,	9	]
[ 29@0,	7	]
[ 30@0,	7	]
[ 31@0,	8	]
[ 32@0,	7	]
[ 33@0,	8	]
[ 34@0,	10	]
[ 35@0,	6	]
[ 36@0,	9	]
[ 37@0,	6	]
[ 38@0,	6	]
[ 39@0,	7	]
[ 40@0,	8	]
[ 41@0,	10	]
[ 42@0,	7	]
[ 43@0,	9	]
[ 44@0,	9	]
[ 45@0,	9	]
[ 46@0,	9	]
[ 47@0,	7	]
[ 48@0,	8	]
[ 49@0,	6	]
[ 50@0,	10	]
[ 51@0,	6	]
[ 52@0,	10	]
[ 53@0,	9	]
[ 54@0,	10	]
[ 55@0,	7	]
[ 56@0,	9	]
[ 57@0,	10	]
[ 58@0,	10	]
[ 59@0,	9	]
[ 60@0,	9	]
[ 61@0,	7	]
[ 62@0,	7	]
[ 63@0,	6	]
[ 64@0,	6	]
[ 65@0,	10	]
[ 66@0,	8	]
[ 67@0,	9	]
[ 68@0,	9	]
[ 69@0,	7	]
[ 70@0,	10	]
[ 71@0,	7	]
[ 72@0,	10	]
[ 73@0,	6	]
[ 74@0,	8	]
[ 75@0,	6	]
[ 76@0,	9	]
[ 77@0,	6	]
[ 78@0,	7	]
[ 79@0,	6	]
[ 80@0,	8	]
[ 81@0,	10	]
[ 82@0,	6	]
[ 83@0,	9	]
[ 84@0,	10	]
[ 85@0,	7	]
[ 86@0,	8	]
[ 87@0,	10	]
[ 88@0,	8	]
[ 89@0,	10	]
[ 90@0,	7	]
[ 91@0,	7	]
[ 92@0,	6	]
[ 93@0,	9	]
[ 94@0,	10	]
[ 95@0,	7	]
[ 96@0,	8	]
[ 97@0,	7	]
[ 98@0,	6	]
[ 99@0,	6	]
[ 100@0,	6	]
[ 101@0,	10	]
[ 102@0,	9	]
[ 103@0,	9	]
[ 104@0,	6	]
[ 105@0,	10	]
[ 106@0,	9	]
[ 107@0,	6	]
[ 108@0,	10	]
[ 109@0,	7	]
[ 110@0,	6	]
[ 111@0,	8	]
[ 112@0,	7	]
[ 113@0,	10	]
[ 114@0,	10	]
[ 115@0,	7	]
[ 116@0,	8	]
[ 117@0,	8	]
[ 118@0,	10	]
[ 119@0,	7	]
[ 120@0,	6	]
[ 121@0,	8	]
[ 122@0,	7	]
[ 123@0,	6	]
[ 124@0,	10	]
[ 125@0,	7	]
[ 126@0,	7	]
[ 127@0,	7	]
[ 128@0,	6	]
[ 129@0,	8	]
[ 130@0,	7	]
[ 131@0,	9	]
[ 132@0,	8	]
[ 133@0,	6	]
[ 134@0,	8	]
[ 135@0,	10	]
[ 136@0,	9	]
[ 137@0,	10	]
[ 138@0,	7	]
[ 139@0,	8	]
[ 140@0,	6	]
[ 141@0,	9	]
[ 142@0,	9	]
[ 143@0,	6	]
[ 144@0,	6	]
[ 145@0,	6	]
[ 146@0,	6	]
[ 147@0,	10	]
[ 148@0,	8	]
[ 149@0,	9	]
[ 150@0,	8	]
[ 151@0,	6	]
[ 152@0,	6	]
[ 153@0,	10	]
[ 154@0,	8	]
[ 155@0,	8	]
[ 156@0,	6	]
[ 157@0,	6	]
[ 158@0,	6	]
[ 159@0,	7	]
[ 160@0,	10	]
[ 161@0,	10	]
[ 162@0,	7	]
[ 163@0,	10	]
[ 164@0,	9	]
[ 165@0,	8	]
[ 166@0,	10	]
[ 167@0,	10	]
[ 168@0,	7	]
[ 169@0,	8	]
[ 170@0,	7	]
[ 171@0,	7	]
[ 172@0,	9	]
[ 173@0,	9	]
[ 174@0,	6	]
[ 175@0,	6	]
[ 176@0,	9	]
[ 177@0,	7	]
[ 178@0,	8	]
[ 179@0,	10	]
[ 180@0,	10	]
[ 181@0,	8	]
[ 182@0,	6	]
[ 183@0,	7	]
[ 184@0,	8	]
[ 185@0,	9	]
[ 186@0,	10	]
[ 187@0,	9	]
[ 188@0,	10	]
[ 189@0,	7	]
[ 190@0,	9	]
[ 191@0,	7	]
[ 192@0,	10	]
[ 193@0,	10	]
[ 194@0,	10	]
[ 195@0,	6	]
[ 196@0,	7	]
[ 197@0,	6	]
[ 198@0,	6	]
[ 199@0,	6	]
[ 200@0,	7	]
[ 201@0,	10	]
[ 202@0,	10	]
[ 203@0,	10	]
[ 204@0,	9	]
[ 205@0,	7	]
[ 206@0,	10	]
[ 207@0,	9	]
[ 208@0,	6	]
[ 209@0,	9	]
[ 210@0,	7	]
[ 211@0,	6	]
[ 212@0,	10	]
[ 213@0,	10	]
[ 214@0,	9	]
[ 215@0,	7	]
[ 216@0,	7	]
[ 217@0,	6	]
[ 218@0,	10	]
[ 219@0,	6	]
[ 220@0,	7	]
[ 221@0,	10	]
[ 222@0,	6	]
[ 223@0,	7	]
[ 224@0,	6	]
[ 225@0,	6	]
[ 226@0,	7	]
[ 227@0,	7	]
[ 228@0,	6	]
[ 229@0,	8	]
[ 230@0,	6	]
[ 231@0,	7	]
[ 232@0,	6	]
[ 233@0,	9	]
[ 234@0,	7	]
[ 235@0,	9	]
[ 236@0,	8	]
[ 237@0,	8	]
[ 238@0,	10	]
[ 239@0,	7	]
[ 240@0,	8	]
[ 241@0,	8	]
[ 242@0,	6	]
[ 243@0,	10	]
[ 244@0,	8	]
[ 245@0,	6	]
[ 246@0,	7	]
[ 247@0,	7	]
[ 248@0,	9	]
[ 249@0,	7	]
[ 250@0,	7	]
[ 251@0,	6	]
[ 252@0,	9	]
[ 253@0,	7	]
[ 254@0,	6	]
[ 255@0,	7	]
[ 256@0,	10	]
[ 257@0,	6	]
[ 258@0,	10	]
[ 259@0,	9	]
[ 260@0,	7	]
[ 261@0,	10	]
[ 262@0,	6	]
[ 263@0,	7	]
[ 264@0,	6	]
[ 265@0,	8	]
[ 266@0,	7	]
[ 267@0,	6	]
[ 268@0,	7	]
[ 269@0,	6	]
[ 270@0,	10	]
[ 271@0,	6	]
[ 272@0,	8	]
[ 273@0,	9	]
[ 274@0,	6	]
[ 275@0,	9	]
[ 276@0,	9	]
[ 277@0,	10	]
[ 278@0,	10	]
[ 279@0,	7	]
[ 280@0,	8	]
[ 281@0,	7	]
[ 282@0,	7	]
[ 283@0,	7	]
[ 284@0,	8	]
[ 285@0,	10	]
[ 286@0,	9	]
[ 287@0,	6	]
[ 288@0,	7	]
[ 289@0,	9	]
[ 290@0,	8	]
[ 291@0,	10	]
[ 292@0,	6	]
[ 293@0,	10	]
[ 294@0,	7	]
[ 295@0,	9	]
[ 296@0,	8	]
[ 297@0,	10	]
[ 298@0,	7	]
[ 299@0,	6	]
[ 300@0,	6	]
[ 301@0,	6	]
[ 302@0,	6	]
[ 303@0,	10	]
[ 304@0,	10	]
[ 305@0,	9	]
[ 306@0,	10	]
[ 307@0,	9	]
[ 308@0,	7	]
[ 309@0,	9	]
[ 310@0,	8	]
[ 311@0,	7	]
[ 312@0,	8	]
[ 313@0,	9	]
[ 314@0,	9	]
[ 315@0,	9	]
[ 316@0,	10	]
[ 317@0,	6	]
[ 318@0,	7	]
[ 319@0,	8	]
[ 320@0,	9	]
[ 321@0,	9	]
[ 322@0,	9	]
[ 323@0,	7	]
[ 324@0,	10	]
[ 325@0,	10	]
[ 326@0,	9	]
[ 327@0,	9	]
[ 328@0,	10	]
[ 329@0,	9	]
[ 330@0,	6	]
[ 331@0,	7	]
[ 332@0,	7	]
[ 333@0,	7	]
[ 334@0,	7	]
[ 335@0,	9	]
[ 336@0,	10	]
[ 337@0,	9	]
[ 338@0,	7	]
[ 339@0,	9	]
[ 340@0,	9	]
[ 341@0,	8	]
[ 342@0,	8	]
[ 343@0,	7	]
[ 344@0,	7	]
[ 345@0,	10	]
[ 346@0,	8	]
[ 347@0,	7	]
[ 348@0,	9	]
[ 349@0,	9	]
[ 350@0,	10	]
[ 351@0,	9	]
[ 352@0,	8	]
[ 353@0,	7	]
[ 354@0,	10	]
[ 355@0,	10	]
[ 356@0,	9	]
[ 357@0,	7	]
[ 358@0,	7	]
[ 359@0,	10	]
[ 360@0,	8	]
[ 361@0,	9	]
[ 362@0,	9	]
[ 363@0,	9	]
[ 364@0,	10	]
[ 365@0,	8	]
[ 366@0,	7	]
[ 367@0,	9	]
[ 368@0,	8	]
[ 369@0,	8	]
[ 370@0,	7	]
[ 371@0,	7	]
[ 372@0,	8	]
[ 373@0,	6	]
[ 374@0,	9	]
[ 375@0,	8	]
[ 376@0,	9	]
[ 377@0,	10	]
[ 378@0,	6	]
[ 379@0,	7	]
[ 380@0,	6	]
[ 381@0,	10	]
[ 382@0,	10	]
[ 383@0,	8	]
[ 384@0,	8	]
[ 385@0,	8	]
[ 386@0,	7	]
[ 387@0,	10	]
[ 388@0,	7	]
[ 389@0,	10	]
[ 390@0,	7	]
[ 391@0,	10	]
[ 392@0,	6	]
[ 393@0,	6	]
[ 394@0,	10	]
[ 395@0,	7	]
[ 396@0,	8	]
[ 397@0,	10	]
[ 398@0,	8	]
[ 399@0,	9	]
[ 400@0,	9	]
[ 401@0,	8	]
[ 402@0,	7	]
[ 403@0,	8	]
[ 404@0,	7	]
[ 405@0,	8	]
[ 406@0,	8	]
[ 407@0,	10	]
[ 408@0,	6	]
[ 409@0,	7	]
[ 410@0,	8	]
[ 411@0,	6	]
[ 412@0,	9	]
[ 413@0,	10	]
[ 414@0,	8	]
[ 415@0,	7	]
[ 416@0,	9	]
[ 417@0,	9	]
[ 418@0,	10	]
[ 419@0,	6	]
[ 420@0,	9	]
[ 421@0,	10	]
[ 422@0,	7	]
[ 423@0,	6	]
[ 424@0,	9	]
[ 425@0,	7	]
[ 426@0,	10	]
[ 427@0,	7	]
[ 428@0,	7	]
[ 429@0,	10	]
[ 430@0,	6	]
[ 431@0,	9	]
[ 432@0,	7	]
[ 433@0,	7	]
[ 434@0,	6	]
[ 435@0,	9	]
[ 436@0,	9	]
[ 437@0,	7	]
[ 438@0,	9	]
[ 439@0,	8	]
[ 440@0,	10	]
[ 441@0,	6	]
[ 442@0,	10	]
[ 443@0,	8	]
[ 444@0,	6	]
[ 445@0,	7	]
[ 446@0,	8	]
[ 447@0,	7	]
[ 448@0,	8	]
[ 449@0,	7	]
[ 450@0,	9	]
[ 451@0,	6	]
[ 452@0,	8	]
[ 453@0,	7	]
[ 454@0,	6	]

# 10:04:11 >
# 10:04:11 >  "Done."
# 10:04:11 >

# 14:54:22 >
# 14:54:22 >  "Done."
# 14:54:22 >
