stdout of test 'analytics01` in directory 'sql/test/analytics` itself:


# 16:32:47 >  
# 16:32:47 >  "mserver5" "--debug=10" "--set" "gdk_nr_threads=0" "--set" "mapi_open=true" "--set" "mapi_port=31480" "--set" "mapi_usock=/var/tmp/mtest-24410/.s.monetdb.31480" "--set" "monet_prompt=" "--forcemito" "--dbpath=/home/ferreira/repositories/MonetDB-analytics/BUILD/var/MonetDB/mTests_sql_test_analytics" "--set" "embedded_c=true"
# 16:32:47 >  

# MonetDB 5 server v11.32.0
# This is an unreleased version
# Serving database 'mTests_sql_test_analytics', using 8 threads
# Compiled for x86_64-pc-linux-gnu/64bit with 128bit integers
# Found 15.492 GiB available main-memory.
# Copyright (c) 1993 - July 2008 CWI.
# Copyright (c) August 2008 - 2018 MonetDB B.V., all rights reserved
# Visit https://www.monetdb.org/ for further information
# Listening for connection requests on mapi:monetdb://wired-142.cwi.nl:31480/
# Listening for UNIX domain connection requests on mapi:monetdb:///var/tmp/mtest-24410/.s.monetdb.31480
# MonetDB/GIS module loaded
# MonetDB/SQL module loaded

Ready.

# 16:32:47 >  
# 16:32:47 >  "mclient" "-lsql" "-ftest" "-tnone" "-Eutf-8" "-i" "-e" "--host=/var/tmp/mtest-24410" "--port=31480"
# 16:32:47 >  

#create table analytics (aa int, bb int, cc bigint);
#insert into analytics values (15, 3, 15), (3, 1, 3), (2, 1, 2), (5, 3, 5), (NULL, 2, NULL), (3, 2, 3), (4, 1, 4), (6, 3, 6), (8, 2, 8), (NULL, 4, NULL);
[ 10	]
#start transaction;
#select percent_rank() over (partition by aa) from analytics;
% sys.L4 # table_name
% L4 # name
% double # type
% 24 # length
[ 0	]
[ 0	]
[ 0	]
[ 0	]
[ 0	]
[ 0	]
[ 0	]
[ 0	]
[ 0	]
[ 0	]
#select percent_rank() over (partition by aa order by aa asc) from analytics;
% sys.L4 # table_name
% L4 # name
% double # type
% 24 # length
[ 0	]
[ 0	]
[ 0	]
[ 0	]
[ 0	]
[ 0	]
[ 0	]
[ 0	]
[ 0	]
[ 0	]
#select percent_rank() over (partition by aa order by aa desc) from analytics;
% sys.L4 # table_name
% L4 # name
% double # type
% 24 # length
[ 0	]
[ 0	]
[ 0	]
[ 0	]
[ 0	]
[ 0	]
[ 0	]
[ 0	]
[ 0	]
[ 0	]
#select percent_rank() over (order by aa) from analytics;
% sys.L4 # table_name
% L4 # name
% double # type
% 24 # length
[ 0	]
[ 0	]
[ 0.2222222222	]
[ 0.3333333333	]
[ 0.3333333333	]
[ 0.5555555556	]
[ 0.6666666667	]
[ 0.7777777778	]
[ 0.8888888889	]
[ 1	]
#select percent_rank() over (order by aa desc) from analytics;
% sys.L4 # table_name
% L4 # name
% double # type
% 24 # length
[ 0	]
[ 0.1111111111	]
[ 0.2222222222	]
[ 0.3333333333	]
[ 0.4444444444	]
[ 0.5555555556	]
[ 0.5555555556	]
[ 0.7777777778	]
[ 0.8888888889	]
[ 0.8888888889	]
#select percent_rank() over (partition by bb) from analytics;
% sys.L4 # table_name
% L4 # name
% double # type
% 24 # length
[ 0	]
[ 0	]
[ 0	]
[ 0	]
[ 0	]
[ 0	]
[ 0	]
[ 0	]
[ 0	]
[ 0	]
#select percent_rank() over (partition by bb order by bb asc) from analytics;
% sys.L4 # table_name
% L4 # name
% double # type
% 24 # length
[ 0	]
[ 0	]
[ 0	]
[ 0	]
[ 0	]
[ 0	]
[ 0	]
[ 0	]
[ 0	]
[ 0	]
#select percent_rank() over (partition by bb order by bb desc) from analytics;
% sys.L4 # table_name
% L4 # name
% double # type
% 24 # length
[ 0	]
[ 0	]
[ 0	]
[ 0	]
[ 0	]
[ 0	]
[ 0	]
[ 0	]
[ 0	]
[ 0	]
#select percent_rank() over (order by bb) from analytics;
% sys.L4 # table_name
% L4 # name
% double # type
% 24 # length
[ 0	]
[ 0	]
[ 0	]
[ 0.3333333333	]
[ 0.3333333333	]
[ 0.3333333333	]
[ 0.6666666667	]
[ 0.6666666667	]
[ 0.6666666667	]
[ 1	]
#select percent_rank() over (order by bb desc) from analytics;
% sys.L4 # table_name
% L4 # name
% double # type
% 24 # length
[ 0	]
[ 0.1111111111	]
[ 0.1111111111	]
[ 0.1111111111	]
[ 0.4444444444	]
[ 0.4444444444	]
[ 0.4444444444	]
[ 0.7777777778	]
[ 0.7777777778	]
[ 0.7777777778	]
#select cume_dist() over (partition by aa) from analytics;
% sys.L4 # table_name
% L4 # name
% double # type
% 24 # length
[ 0.2	]
[ 0.2	]
[ 0.3	]
[ 0.5	]
[ 0.5	]
[ 0.6	]
[ 0.7	]
[ 0.8	]
[ 0.9	]
[ 1	]
#select cume_dist() over (partition by aa order by aa asc) from analytics;
% sys.L4 # table_name
% L4 # name
% double # type
% 24 # length
[ 0.2	]
[ 0.2	]
[ 0.3	]
[ 0.5	]
[ 0.5	]
[ 0.6	]
[ 0.7	]
[ 0.8	]
[ 0.9	]
[ 1	]
#select cume_dist() over (partition by aa order by aa desc) from analytics;
% sys.L4 # table_name
% L4 # name
% double # type
% 24 # length
[ 0.2	]
[ 0.2	]
[ 0.3	]
[ 0.4	]
[ 0.5	]
[ 0.6	]
[ 0.7	]
[ 0.9	]
[ 0.9	]
[ 1	]
#select cume_dist() over (order by aa) from analytics;
% sys.L4 # table_name
% L4 # name
% double # type
% 24 # length
[ 1	]
[ 1	]
[ 1	]
[ 1	]
[ 1	]
[ 1	]
[ 1	]
[ 1	]
[ 1	]
[ 1	]
#select cume_dist() over (order by aa desc) from analytics;
% sys.L4 # table_name
% L4 # name
% double # type
% 24 # length
[ 1	]
[ 1	]
[ 1	]
[ 1	]
[ 1	]
[ 1	]
[ 1	]
[ 1	]
[ 1	]
[ 1	]
#select cume_dist() over (partition by bb) from analytics;
% sys.L4 # table_name
% L4 # name
% double # type
% 24 # length
[ 0.3	]
[ 0.3	]
[ 0.3	]
[ 0.6	]
[ 0.6	]
[ 0.6	]
[ 0.9	]
[ 0.9	]
[ 0.9	]
[ 1	]
#select cume_dist() over (partition by bb order by bb asc) from analytics;
% sys.L4 # table_name
% L4 # name
% double # type
% 24 # length
[ 0.3	]
[ 0.3	]
[ 0.3	]
[ 0.6	]
[ 0.6	]
[ 0.6	]
[ 0.9	]
[ 0.9	]
[ 0.9	]
[ 1	]
#select cume_dist() over (partition by bb order by bb desc) from analytics;
% sys.L4 # table_name
% L4 # name
% double # type
% 24 # length
[ 0.1	]
[ 0.4	]
[ 0.4	]
[ 0.4	]
[ 0.7	]
[ 0.7	]
[ 0.7	]
[ 1	]
[ 1	]
[ 1	]
#select cume_dist() over (order by bb) from analytics;
% sys.L4 # table_name
% L4 # name
% double # type
% 24 # length
[ 1	]
[ 1	]
[ 1	]
[ 1	]
[ 1	]
[ 1	]
[ 1	]
[ 1	]
[ 1	]
[ 1	]
#select cume_dist() over (order by bb desc) from analytics;
% sys.L4 # table_name
% L4 # name
% double # type
% 24 # length
[ 1	]
[ 1	]
[ 1	]
[ 1	]
[ 1	]
[ 1	]
[ 1	]
[ 1	]
[ 1	]
[ 1	]
#select ntile(1) over (partition by aa) from analytics;
% sys.L4 # table_name
% L4 # name
% tinyint # type
% 1 # length
[ 1	]
[ 1	]
[ 1	]
[ 1	]
[ 1	]
[ 1	]
[ 1	]
[ 1	]
[ 1	]
[ 1	]
#select ntile(1) over (partition by aa order by aa asc) from analytics;
% sys.L4 # table_name
% L4 # name
% tinyint # type
% 1 # length
[ 1	]
[ 1	]
[ 1	]
[ 1	]
[ 1	]
[ 1	]
[ 1	]
[ 1	]
[ 1	]
[ 1	]
#select ntile(1) over (partition by aa order by aa desc) from analytics;
% sys.L4 # table_name
% L4 # name
% tinyint # type
% 1 # length
[ 1	]
[ 1	]
[ 1	]
[ 1	]
[ 1	]
[ 1	]
[ 1	]
[ 1	]
[ 1	]
[ 1	]
#select ntile(1) over (order by aa) from analytics;
% sys.L4 # table_name
% L4 # name
% tinyint # type
% 1 # length
[ 1	]
[ 1	]
[ 1	]
[ 1	]
[ 1	]
[ 1	]
[ 1	]
[ 1	]
[ 1	]
[ 1	]
#select ntile(1) over (order by aa desc) from analytics;
% sys.L4 # table_name
% L4 # name
% tinyint # type
% 1 # length
[ 1	]
[ 1	]
[ 1	]
[ 1	]
[ 1	]
[ 1	]
[ 1	]
[ 1	]
[ 1	]
[ 1	]
#select ntile(3) over (partition by bb) from analytics;
% sys.L4 # table_name
% L4 # name
% tinyint # type
% 1 # length
[ 1	]
[ 2	]
[ 3	]
[ 1	]
[ 2	]
[ 3	]
[ 1	]
[ 2	]
[ 3	]
[ 1	]
#select ntile(3) over (partition by bb order by bb asc) from analytics;
% sys.L4 # table_name
% L4 # name
% tinyint # type
% 1 # length
[ 1	]
[ 2	]
[ 3	]
[ 1	]
[ 2	]
[ 3	]
[ 1	]
[ 2	]
[ 3	]
[ 1	]
#select ntile(3) over (partition by bb order by bb desc) from analytics;
% sys.L4 # table_name
% L4 # name
% tinyint # type
% 1 # length
[ 1	]
[ 1	]
[ 2	]
[ 3	]
[ 1	]
[ 2	]
[ 3	]
[ 1	]
[ 2	]
[ 3	]
#select ntile(3) over (order by bb) from analytics;
% sys.L4 # table_name
% L4 # name
% tinyint # type
% 1 # length
[ 1	]
[ 1	]
[ 1	]
[ 1	]
[ 2	]
[ 2	]
[ 2	]
[ 3	]
[ 3	]
[ 3	]
#select ntile(3) over (order by bb desc) from analytics;
% sys.L4 # table_name
% L4 # name
% tinyint # type
% 1 # length
[ 1	]
[ 1	]
[ 1	]
[ 1	]
[ 2	]
[ 2	]
[ 2	]
[ 3	]
[ 3	]
[ 3	]
#select ntile(10) over (partition by aa) from analytics;
% sys.L4 # table_name
% L4 # name
% tinyint # type
% 1 # length
[ 1	]
[ 2	]
[ 1	]
[ 1	]
[ 2	]
[ 1	]
[ 1	]
[ 1	]
[ 1	]
[ 1	]
#select ntile(10) over (partition by aa order by aa asc) from analytics;
% sys.L4 # table_name
% L4 # name
% tinyint # type
% 1 # length
[ 1	]
[ 2	]
[ 1	]
[ 1	]
[ 2	]
[ 1	]
[ 1	]
[ 1	]
[ 1	]
[ 1	]
#select ntile(10) over (partition by aa order by aa desc) from analytics;
% sys.L4 # table_name
% L4 # name
% tinyint # type
% 1 # length
[ 1	]
[ 2	]
[ 1	]
[ 1	]
[ 1	]
[ 1	]
[ 1	]
[ 1	]
[ 2	]
[ 1	]
#select ntile(10) over (order by aa) from analytics;
% sys.L4 # table_name
% L4 # name
% tinyint # type
% 2 # length
[ 1	]
[ 2	]
[ 3	]
[ 4	]
[ 5	]
[ 6	]
[ 7	]
[ 8	]
[ 9	]
[ 10	]
#select ntile(10) over (order by aa desc) from analytics;
% sys.L4 # table_name
% L4 # name
% tinyint # type
% 2 # length
[ 1	]
[ 2	]
[ 3	]
[ 4	]
[ 5	]
[ 6	]
[ 7	]
[ 8	]
[ 9	]
[ 10	]
#select first_value(aa) over (partition by aa) from analytics;
% sys.L4 # table_name
% L4 # name
% int # type
% 2 # length
[ NULL	]
[ NULL	]
[ 2	]
[ 3	]
[ 3	]
[ 4	]
[ 5	]
[ 6	]
[ 8	]
[ 15	]
#select first_value(aa) over (partition by aa order by aa asc) from analytics;
% sys.L4 # table_name
% L4 # name
% int # type
% 2 # length
[ NULL	]
[ NULL	]
[ 2	]
[ 3	]
[ 3	]
[ 4	]
[ 5	]
[ 6	]
[ 8	]
[ 15	]
#select first_value(aa) over (partition by aa order by aa desc) from analytics;
% sys.L4 # table_name
% L4 # name
% int # type
% 2 # length
[ NULL	]
[ NULL	]
[ 15	]
[ 8	]
[ 6	]
[ 5	]
[ 4	]
[ 3	]
[ 3	]
[ 2	]
#select first_value(aa) over (order by aa) from analytics;
% sys.L4 # table_name
% L4 # name
% int # type
% 1 # length
[ NULL	]
[ NULL	]
[ NULL	]
[ NULL	]
[ NULL	]
[ NULL	]
[ NULL	]
[ NULL	]
[ NULL	]
[ NULL	]
#select first_value(aa) over (order by aa desc) from analytics;
% sys.L4 # table_name
% L4 # name
% int # type
% 2 # length
[ 15	]
[ 15	]
[ 15	]
[ 15	]
[ 15	]
[ 15	]
[ 15	]
[ 15	]
[ 15	]
[ 15	]
#select first_value(aa) over (partition by bb) from analytics;
% sys.L4 # table_name
% L4 # name
% int # type
% 2 # length
[ 3	]
[ 3	]
[ 3	]
[ NULL	]
[ NULL	]
[ NULL	]
[ 15	]
[ 15	]
[ 15	]
[ NULL	]
#select first_value(aa) over (partition by bb order by bb asc) from analytics;
% sys.L4 # table_name
% L4 # name
% int # type
% 2 # length
[ 3	]
[ 3	]
[ 3	]
[ NULL	]
[ NULL	]
[ NULL	]
[ 15	]
[ 15	]
[ 15	]
[ NULL	]
#select first_value(aa) over (partition by bb order by bb desc) from analytics;
% sys.L4 # table_name
% L4 # name
% int # type
% 2 # length
[ NULL	]
[ 15	]
[ 15	]
[ 15	]
[ NULL	]
[ NULL	]
[ NULL	]
[ 3	]
[ 3	]
[ 3	]
#select first_value(aa) over (order by bb) from analytics;
% sys.L4 # table_name
% L4 # name
% int # type
% 1 # length
[ 3	]
[ 3	]
[ 3	]
[ 3	]
[ 3	]
[ 3	]
[ 3	]
[ 3	]
[ 3	]
[ 3	]
#select first_value(aa) over (order by bb desc) from analytics;
% sys.L4 # table_name
% L4 # name
% int # type
% 1 # length
[ NULL	]
[ NULL	]
[ NULL	]
[ NULL	]
[ NULL	]
[ NULL	]
[ NULL	]
[ NULL	]
[ NULL	]
[ NULL	]
#select nth_value(aa, 1) over (partition by bb) from analytics;
% sys.L4 # table_name
% L4 # name
% int # type
% 2 # length
[ 3	]
[ 3	]
[ 3	]
[ NULL	]
[ NULL	]
[ NULL	]
[ 15	]
[ 15	]
[ 15	]
[ NULL	]
#select nth_value(aa, 1) over (partition by bb order by bb asc) from analytics;
% sys.L4 # table_name
% L4 # name
% int # type
% 2 # length
[ 3	]
[ 3	]
[ 3	]
[ NULL	]
[ NULL	]
[ NULL	]
[ 15	]
[ 15	]
[ 15	]
[ NULL	]
#select nth_value(aa, 1) over (partition by bb order by bb desc) from analytics;
% sys.L4 # table_name
% L4 # name
% int # type
% 2 # length
[ NULL	]
[ 15	]
[ 15	]
[ 15	]
[ NULL	]
[ NULL	]
[ NULL	]
[ 3	]
[ 3	]
[ 3	]
#select nth_value(aa, 1) over (order by bb) from analytics;
% sys.L4 # table_name
% L4 # name
% int # type
% 1 # length
[ 3	]
[ 3	]
[ 3	]
[ 3	]
[ 3	]
[ 3	]
[ 3	]
[ 3	]
[ 3	]
[ 3	]
#select nth_value(aa, 1) over (order by bb desc) from analytics;
% sys.L4 # table_name
% L4 # name
% int # type
% 1 # length
[ NULL	]
[ NULL	]
[ NULL	]
[ NULL	]
[ NULL	]
[ NULL	]
[ NULL	]
[ NULL	]
[ NULL	]
[ NULL	]
#select last_value(bb) over (partition by aa) from analytics;
% sys.L4 # table_name
% L4 # name
% int # type
% 1 # length
[ 4	]
[ 4	]
[ 1	]
[ 2	]
[ 2	]
[ 1	]
[ 3	]
[ 3	]
[ 2	]
[ 3	]
#select last_value(bb) over (partition by aa order by aa asc) from analytics;
% sys.L4 # table_name
% L4 # name
% int # type
% 1 # length
[ 4	]
[ 4	]
[ 1	]
[ 2	]
[ 2	]
[ 1	]
[ 3	]
[ 3	]
[ 2	]
[ 3	]
#select last_value(bb) over (partition by aa order by aa desc) from analytics;
% sys.L4 # table_name
% L4 # name
% int # type
% 1 # length
[ 4	]
[ 4	]
[ 3	]
[ 2	]
[ 3	]
[ 3	]
[ 1	]
[ 2	]
[ 2	]
[ 1	]
#select last_value(bb) over (order by aa) from analytics;
% sys.L4 # table_name
% L4 # name
% int # type
% 1 # length
[ 4	]
[ 4	]
[ 1	]
[ 2	]
[ 2	]
[ 1	]
[ 3	]
[ 3	]
[ 2	]
[ 3	]
#select last_value(bb) over (order by aa desc) from analytics;
% sys.L4 # table_name
% L4 # name
% int # type
% 1 # length
[ 3	]
[ 2	]
[ 3	]
[ 3	]
[ 1	]
[ 2	]
[ 2	]
[ 1	]
[ 4	]
[ 4	]
#select last_value(bb) over (partition by bb) from analytics;
% sys.L4 # table_name
% L4 # name
% int # type
% 1 # length
[ 1	]
[ 1	]
[ 1	]
[ 2	]
[ 2	]
[ 2	]
[ 3	]
[ 3	]
[ 3	]
[ 4	]
#select last_value(bb) over (partition by bb order by bb asc) from analytics;
% sys.L4 # table_name
% L4 # name
% int # type
% 1 # length
[ 1	]
[ 1	]
[ 1	]
[ 2	]
[ 2	]
[ 2	]
[ 3	]
[ 3	]
[ 3	]
[ 4	]
#select last_value(bb) over (partition by bb order by bb desc) from analytics;
% sys.L4 # table_name
% L4 # name
% int # type
% 1 # length
[ 4	]
[ 3	]
[ 3	]
[ 3	]
[ 2	]
[ 2	]
[ 2	]
[ 1	]
[ 1	]
[ 1	]
#select last_value(bb) over (order by bb) from analytics;
% sys.L4 # table_name
% L4 # name
% int # type
% 1 # length
[ 1	]
[ 1	]
[ 1	]
[ 2	]
[ 2	]
[ 2	]
[ 3	]
[ 3	]
[ 3	]
[ 4	]
#select last_value(bb) over (order by bb desc) from analytics;
% sys.L4 # table_name
% L4 # name
% int # type
% 1 # length
[ 4	]
[ 3	]
[ 3	]
[ 3	]
[ 2	]
[ 2	]
[ 2	]
[ 1	]
[ 1	]
[ 1	]
#select nth_value(bb, 3) over (partition by bb) from analytics;
% sys.L4 # table_name
% L4 # name
% int # type
% 1 # length
[ 1	]
[ 1	]
[ 1	]
[ 2	]
[ 2	]
[ 2	]
[ 3	]
[ 3	]
[ 3	]
[ NULL	]
#select nth_value(bb, 3) over (partition by bb order by bb asc) from analytics;
% sys.L4 # table_name
% L4 # name
% int # type
% 1 # length
[ 1	]
[ 1	]
[ 1	]
[ 2	]
[ 2	]
[ 2	]
[ 3	]
[ 3	]
[ 3	]
[ NULL	]
#select nth_value(bb, 3) over (partition by bb order by bb desc) from analytics;
% sys.L4 # table_name
% L4 # name
% int # type
% 1 # length
[ NULL	]
[ 3	]
[ 3	]
[ 3	]
[ 2	]
[ 2	]
[ 2	]
[ 1	]
[ 1	]
[ 1	]
#select nth_value(bb, 3) over (order by bb) from analytics;
% sys.L4 # table_name
% L4 # name
% int # type
% 1 # length
[ 1	]
[ 1	]
[ 1	]
[ 1	]
[ 1	]
[ 1	]
[ 1	]
[ 1	]
[ 1	]
[ 1	]
#select nth_value(bb, 3) over (order by bb desc) from analytics;
% sys.L4 # table_name
% L4 # name
% int # type
% 1 # length
[ NULL	]
[ 3	]
[ 3	]
[ 3	]
[ 3	]
[ 3	]
[ 3	]
[ 3	]
[ 3	]
[ 3	]
#select lag(bb) over (partition by aa) from analytics;
% sys.L4 # table_name
% L4 # name
% int # type
% 1 # length
[ NULL	]
[ 2	]
[ NULL	]
[ NULL	]
[ 1	]
[ NULL	]
[ NULL	]
[ NULL	]
[ NULL	]
[ NULL	]
#select lag(bb) over (partition by aa order by aa asc) from analytics;
% sys.L4 # table_name
% L4 # name
% int # type
% 1 # length
[ NULL	]
[ 2	]
[ NULL	]
[ NULL	]
[ 1	]
[ NULL	]
[ NULL	]
[ NULL	]
[ NULL	]
[ NULL	]
#select lag(bb) over (partition by aa order by aa desc) from analytics;
% sys.L4 # table_name
% L4 # name
% int # type
% 1 # length
[ NULL	]
[ 2	]
[ NULL	]
[ NULL	]
[ NULL	]
[ NULL	]
[ NULL	]
[ NULL	]
[ 3	]
[ NULL	]
#select lag(bb) over (order by aa) from analytics;
% sys.L4 # table_name
% L4 # name
% int # type
% 1 # length
[ NULL	]
[ 2	]
[ 4	]
[ 1	]
[ 1	]
[ 2	]
[ 1	]
[ 3	]
[ 3	]
[ 2	]
#select lag(bb) over (order by aa desc) from analytics;
% sys.L4 # table_name
% L4 # name
% int # type
% 1 # length
[ NULL	]
[ 3	]
[ 2	]
[ 3	]
[ 3	]
[ 1	]
[ 1	]
[ 2	]
[ 1	]
[ 2	]
#select lead(bb) over (partition by bb) from analytics;
% sys.L4 # table_name
% L4 # name
% int # type
% 1 # length
[ 1	]
[ 1	]
[ NULL	]
[ 2	]
[ 2	]
[ NULL	]
[ 3	]
[ 3	]
[ NULL	]
[ NULL	]
#select lead(bb) over (partition by bb order by bb asc) from analytics;
% sys.L4 # table_name
% L4 # name
% int # type
% 1 # length
[ 1	]
[ 1	]
[ NULL	]
[ 2	]
[ 2	]
[ NULL	]
[ 3	]
[ 3	]
[ NULL	]
[ NULL	]
#select lead(bb) over (partition by bb order by bb desc) from analytics;
% sys.L4 # table_name
% L4 # name
% int # type
% 1 # length
[ NULL	]
[ 3	]
[ 3	]
[ NULL	]
[ 2	]
[ 2	]
[ NULL	]
[ 1	]
[ 1	]
[ NULL	]
#select lead(bb) over (order by bb) from analytics;
% sys.L4 # table_name
% L4 # name
% int # type
% 1 # length
[ 1	]
[ 1	]
[ 2	]
[ 2	]
[ 2	]
[ 3	]
[ 3	]
[ 3	]
[ 4	]
[ NULL	]
#select lead(bb) over (order by bb desc) from analytics;
% sys.L4 # table_name
% L4 # name
% int # type
% 1 # length
[ 3	]
[ 3	]
[ 3	]
[ 2	]
[ 2	]
[ 2	]
[ 1	]
[ 1	]
[ 1	]
[ NULL	]
#select percent_rank() over () from analytics;
% sys.L4 # table_name
% L4 # name
% double # type
% 24 # length
[ 0	]
[ 0	]
[ 0	]
[ 0	]
[ 0	]
[ 0	]
[ 0	]
[ 0	]
[ 0	]
[ 0	]
#select cume_dist() over () from analytics;
% sys.L4 # table_name
% L4 # name
% double # type
% 24 # length
[ 1	]
[ 1	]
[ 1	]
[ 1	]
[ 1	]
[ 1	]
[ 1	]
[ 1	]
[ 1	]
[ 1	]
#select ntile(1) over () from analytics;
% sys.L4 # table_name
% L4 # name
% tinyint # type
% 1 # length
[ 1	]
[ 1	]
[ 1	]
[ 1	]
[ 1	]
[ 1	]
[ 1	]
[ 1	]
[ 1	]
[ 1	]
#select ntile(2) over () from analytics;
% sys.L4 # table_name
% L4 # name
% tinyint # type
% 1 # length
[ 1	]
[ 1	]
[ 1	]
[ 1	]
[ 1	]
[ 2	]
[ 2	]
[ 2	]
[ 2	]
[ 2	]
#select ntile(5) over () from analytics;
% sys.L4 # table_name
% L4 # name
% tinyint # type
% 1 # length
[ 1	]
[ 1	]
[ 2	]
[ 2	]
[ 3	]
[ 3	]
[ 4	]
[ 4	]
[ 5	]
[ 5	]
#select ntile(11) over () from analytics;
% sys.L4 # table_name
% L4 # name
% tinyint # type
% 2 # length
[ 1	]
[ 2	]
[ 3	]
[ 4	]
[ 5	]
[ 6	]
[ 7	]
[ 8	]
[ 9	]
[ 10	]
#select ntile(100) over () from analytics;
% sys.L4 # table_name
% L4 # name
% tinyint # type
% 2 # length
[ 1	]
[ 2	]
[ 3	]
[ 4	]
[ 5	]
[ 6	]
[ 7	]
[ 8	]
[ 9	]
[ 10	]
#select first_value(aa) over () from analytics;
% sys.L4 # table_name
% L4 # name
% int # type
% 2 # length
[ 15	]
[ 15	]
[ 15	]
[ 15	]
[ 15	]
[ 15	]
[ 15	]
[ 15	]
[ 15	]
[ 15	]
#select first_value(bb) over () from analytics;
% sys.L4 # table_name
% L4 # name
% int # type
% 1 # length
[ 3	]
[ 3	]
[ 3	]
[ 3	]
[ 3	]
[ 3	]
[ 3	]
[ 3	]
[ 3	]
[ 3	]
#select last_value(aa) over () from analytics;
% sys.L4 # table_name
% L4 # name
% int # type
% 1 # length
[ NULL	]
[ NULL	]
[ NULL	]
[ NULL	]
[ NULL	]
[ NULL	]
[ NULL	]
[ NULL	]
[ NULL	]
[ NULL	]
#select last_value(bb) over () from analytics;
% sys.L4 # table_name
% L4 # name
% int # type
% 1 # length
[ 4	]
[ 4	]
[ 4	]
[ 4	]
[ 4	]
[ 4	]
[ 4	]
[ 4	]
[ 4	]
[ 4	]
#select nth_value(aa, 2) over () from analytics;
% sys.L4 # table_name
% L4 # name
% int # type
% 1 # length
[ 3	]
[ 3	]
[ 3	]
[ 3	]
[ 3	]
[ 3	]
[ 3	]
[ 3	]
[ 3	]
[ 3	]
#select nth_value(bb, 1) over () from analytics;
% sys.L4 # table_name
% L4 # name
% int # type
% 1 # length
[ 3	]
[ 3	]
[ 3	]
[ 3	]
[ 3	]
[ 3	]
[ 3	]
[ 3	]
[ 3	]
[ 3	]
#select nth_value(bb, 1000) over () from analytics;
% sys.L4 # table_name
% L4 # name
% int # type
% 1 # length
[ NULL	]
[ NULL	]
[ NULL	]
[ NULL	]
[ NULL	]
[ NULL	]
[ NULL	]
[ NULL	]
[ NULL	]
[ NULL	]
#select lag(aa) over () from analytics;
% sys.L4 # table_name
% L4 # name
% int # type
% 2 # length
[ NULL	]
[ 15	]
[ 3	]
[ 2	]
[ 5	]
[ NULL	]
[ 3	]
[ 4	]
[ 6	]
[ 8	]
#select lead(bb) over () from analytics;
% sys.L4 # table_name
% L4 # name
% int # type
% 1 # length
[ 1	]
[ 1	]
[ 3	]
[ 2	]
[ 2	]
[ 1	]
[ 3	]
[ 2	]
[ 4	]
[ NULL	]
#select lag(aa) over () from analytics;
% sys.L4 # table_name
% L4 # name
% int # type
% 2 # length
[ NULL	]
[ 15	]
[ 3	]
[ 2	]
[ 5	]
[ NULL	]
[ 3	]
[ 4	]
[ 6	]
[ 8	]
#select lead(bb) over () from analytics;
% sys.L4 # table_name
% L4 # name
% int # type
% 1 # length
[ 1	]
[ 1	]
[ 3	]
[ 2	]
[ 2	]
[ 1	]
[ 3	]
[ 2	]
[ 4	]
[ NULL	]
#select ntile(null) over () from analytics;
% sys.L4 # table_name
% L4 # name
% tinyint # type
% 1 # length
[ NULL	]
[ NULL	]
[ NULL	]
[ NULL	]
[ NULL	]
[ NULL	]
[ NULL	]
[ NULL	]
[ NULL	]
[ NULL	]
#select first_value(null) over () from analytics;
% .L4 # table_name
% L4 # name
% char # type
% 0 # length
[ NULL	]
[ NULL	]
[ NULL	]
[ NULL	]
[ NULL	]
[ NULL	]
[ NULL	]
[ NULL	]
[ NULL	]
[ NULL	]
#select last_value(null) over () from analytics;
% .L4 # table_name
% L4 # name
% char # type
% 0 # length
[ NULL	]
[ NULL	]
[ NULL	]
[ NULL	]
[ NULL	]
[ NULL	]
[ NULL	]
[ NULL	]
[ NULL	]
[ NULL	]
#select nth_value(null, 1) over () from analytics;
% .L4 # table_name
% L4 # name
% char # type
% 0 # length
[ NULL	]
[ NULL	]
[ NULL	]
[ NULL	]
[ NULL	]
[ NULL	]
[ NULL	]
[ NULL	]
[ NULL	]
[ NULL	]
#select nth_value(aa, null) over () from analytics;
% sys.L4 # table_name
% L4 # name
% int # type
% 1 # length
[ NULL	]
[ NULL	]
[ NULL	]
[ NULL	]
[ NULL	]
[ NULL	]
[ NULL	]
[ NULL	]
[ NULL	]
[ NULL	]
#select nth_value(1, null) over () from analytics;
% .L4 # table_name
% L4 # name
% tinyint # type
% 1 # length
[ NULL	]
[ NULL	]
[ NULL	]
[ NULL	]
[ NULL	]
[ NULL	]
[ NULL	]
[ NULL	]
[ NULL	]
[ NULL	]
#select nth_value(null, null) over () from analytics;
% .L4 # table_name
% L4 # name
% char # type
% 0 # length
[ NULL	]
[ NULL	]
[ NULL	]
[ NULL	]
[ NULL	]
[ NULL	]
[ NULL	]
[ NULL	]
[ NULL	]
[ NULL	]
#select lag(null) over () from analytics;
% .L4 # table_name
% L4 # name
% char # type
% 0 # length
[ NULL	]
[ NULL	]
[ NULL	]
[ NULL	]
[ NULL	]
[ NULL	]
[ NULL	]
[ NULL	]
[ NULL	]
[ NULL	]
#select lag(null, null) over () from analytics;
% .L4 # table_name
% L4 # name
% char # type
% 0 # length
[ NULL	]
[ NULL	]
[ NULL	]
[ NULL	]
[ NULL	]
[ NULL	]
[ NULL	]
[ NULL	]
[ NULL	]
[ NULL	]
#select lag(null, null, null) over () from analytics;
% .L4 # table_name
% L4 # name
% char # type
% 0 # length
[ NULL	]
[ NULL	]
[ NULL	]
[ NULL	]
[ NULL	]
[ NULL	]
[ NULL	]
[ NULL	]
[ NULL	]
[ NULL	]
#select lead(null) over () from analytics;
% .L4 # table_name
% L4 # name
% char # type
% 0 # length
[ NULL	]
[ NULL	]
[ NULL	]
[ NULL	]
[ NULL	]
[ NULL	]
[ NULL	]
[ NULL	]
[ NULL	]
[ NULL	]
#select lead(null, null) over () from analytics;
% .L4 # table_name
% L4 # name
% char # type
% 0 # length
[ NULL	]
[ NULL	]
[ NULL	]
[ NULL	]
[ NULL	]
[ NULL	]
[ NULL	]
[ NULL	]
[ NULL	]
[ NULL	]
#select lead(null, null, null) over () from analytics;
% .L4 # table_name
% L4 # name
% char # type
% 0 # length
[ NULL	]
[ NULL	]
[ NULL	]
[ NULL	]
[ NULL	]
[ NULL	]
[ NULL	]
[ NULL	]
[ NULL	]
[ NULL	]
#create table stressme (aa varchar(64), bb int);
#insert into stressme values ('one', 1), ('another', 1), ('stress', 1), (NULL, 2), ('ok', 2), ('check', 3), ('me', 3), ('please', 3), (NULL, 4);
[ 9	]
#select first_value(aa) over (partition by bb) from stressme;
% sys.L4 # table_name
% L4 # name
% varchar # type
% 5 # length
[ "one"	]
[ "one"	]
[ "one"	]
[ NULL	]
[ NULL	]
[ "check"	]
[ "check"	]
[ "check"	]
[ NULL	]
#select first_value(aa) over (partition by bb order by bb asc) from stressme;
% sys.L4 # table_name
% L4 # name
% varchar # type
% 5 # length
[ "one"	]
[ "one"	]
[ "one"	]
[ NULL	]
[ NULL	]
[ "check"	]
[ "check"	]
[ "check"	]
[ NULL	]
#select first_value(aa) over (partition by bb order by bb desc) from stressme;
% sys.L4 # table_name
% L4 # name
% varchar # type
% 5 # length
[ NULL	]
[ "check"	]
[ "check"	]
[ "check"	]
[ NULL	]
[ NULL	]
[ "one"	]
[ "one"	]
[ "one"	]
#select first_value(aa) over (order by bb) from stressme;
% sys.L4 # table_name
% L4 # name
% varchar # type
% 3 # length
[ "one"	]
[ "one"	]
[ "one"	]
[ "one"	]
[ "one"	]
[ "one"	]
[ "one"	]
[ "one"	]
[ "one"	]
#select first_value(aa) over (order by bb desc) from stressme;
% sys.L4 # table_name
% L4 # name
% varchar # type
% 0 # length
[ NULL	]
[ NULL	]
[ NULL	]
[ NULL	]
[ NULL	]
[ NULL	]
[ NULL	]
[ NULL	]
[ NULL	]
#select first_value(bb) over (partition by aa) from stressme;
% sys.L4 # table_name
% L4 # name
% int # type
% 1 # length
[ 2	]
[ 2	]
[ 1	]
[ 3	]
[ 3	]
[ 2	]
[ 1	]
[ 3	]
[ 1	]
#select first_value(bb) over (partition by aa order by aa asc) from stressme;
% sys.L4 # table_name
% L4 # name
% int # type
% 1 # length
[ 2	]
[ 2	]
[ 1	]
[ 3	]
[ 3	]
[ 2	]
[ 1	]
[ 3	]
[ 1	]
#select first_value(bb) over (partition by aa order by aa desc) from stressme;
% sys.L4 # table_name
% L4 # name
% int # type
% 1 # length
[ 2	]
[ 2	]
[ 1	]
[ 3	]
[ 1	]
[ 2	]
[ 3	]
[ 3	]
[ 1	]
#select first_value(bb) over (order by aa) from stressme;
% sys.L4 # table_name
% L4 # name
% int # type
% 1 # length
[ 2	]
[ 2	]
[ 2	]
[ 2	]
[ 2	]
[ 2	]
[ 2	]
[ 2	]
[ 2	]
#select first_value(bb) over (order by aa desc) from stressme;
% sys.L4 # table_name
% L4 # name
% int # type
% 1 # length
[ 1	]
[ 1	]
[ 1	]
[ 1	]
[ 1	]
[ 1	]
[ 1	]
[ 1	]
[ 1	]
#select last_value(aa) over (partition by bb) from stressme;
% sys.L4 # table_name
% L4 # name
% varchar # type
% 6 # length
[ "stress"	]
[ "stress"	]
[ "stress"	]
[ "ok"	]
[ "ok"	]
[ "please"	]
[ "please"	]
[ "please"	]
[ NULL	]
#select last_value(aa) over (partition by bb order by bb asc) from stressme;
% sys.L4 # table_name
% L4 # name
% varchar # type
% 6 # length
[ "stress"	]
[ "stress"	]
[ "stress"	]
[ "ok"	]
[ "ok"	]
[ "please"	]
[ "please"	]
[ "please"	]
[ NULL	]
#select last_value(aa) over (partition by bb order by bb desc) from stressme;
% sys.L4 # table_name
% L4 # name
% varchar # type
% 6 # length
[ NULL	]
[ "please"	]
[ "please"	]
[ "please"	]
[ "ok"	]
[ "ok"	]
[ "stress"	]
[ "stress"	]
[ "stress"	]
#select last_value(aa) over (order by bb) from stressme;
% sys.L4 # table_name
% L4 # name
% varchar # type
% 6 # length
[ "stress"	]
[ "stress"	]
[ "stress"	]
[ "ok"	]
[ "ok"	]
[ "please"	]
[ "please"	]
[ "please"	]
[ NULL	]
#select last_value(aa) over (order by bb desc) from stressme;
% sys.L4 # table_name
% L4 # name
% varchar # type
% 6 # length
[ NULL	]
[ "please"	]
[ "please"	]
[ "please"	]
[ "ok"	]
[ "ok"	]
[ "stress"	]
[ "stress"	]
[ "stress"	]
#select last_value(bb) over (partition by aa) from stressme;
% sys.L4 # table_name
% L4 # name
% int # type
% 1 # length
[ 4	]
[ 4	]
[ 1	]
[ 3	]
[ 3	]
[ 2	]
[ 1	]
[ 3	]
[ 1	]
#select last_value(bb) over (partition by aa order by aa asc) from stressme;
% sys.L4 # table_name
% L4 # name
% int # type
% 1 # length
[ 4	]
[ 4	]
[ 1	]
[ 3	]
[ 3	]
[ 2	]
[ 1	]
[ 3	]
[ 1	]
#select last_value(bb) over (partition by aa order by aa desc) from stressme;
% sys.L4 # table_name
% L4 # name
% int # type
% 1 # length
[ 4	]
[ 4	]
[ 1	]
[ 3	]
[ 1	]
[ 2	]
[ 3	]
[ 3	]
[ 1	]
#select last_value(bb) over (order by aa) from stressme;
% sys.L4 # table_name
% L4 # name
% int # type
% 1 # length
[ 4	]
[ 4	]
[ 1	]
[ 3	]
[ 3	]
[ 2	]
[ 1	]
[ 3	]
[ 1	]
#select last_value(bb) over (order by aa desc) from stressme;
% sys.L4 # table_name
% L4 # name
% int # type
% 1 # length
[ 1	]
[ 3	]
[ 1	]
[ 2	]
[ 3	]
[ 3	]
[ 1	]
[ 4	]
[ 4	]
#select nth_value(aa, 1) over (partition by bb) from stressme;
% sys.L4 # table_name
% L4 # name
% varchar # type
% 5 # length
[ "one"	]
[ "one"	]
[ "one"	]
[ NULL	]
[ NULL	]
[ "check"	]
[ "check"	]
[ "check"	]
[ NULL	]
#select nth_value(aa, 1) over (partition by bb order by bb asc) from stressme;
% sys.L4 # table_name
% L4 # name
% varchar # type
% 5 # length
[ "one"	]
[ "one"	]
[ "one"	]
[ NULL	]
[ NULL	]
[ "check"	]
[ "check"	]
[ "check"	]
[ NULL	]
#select nth_value(aa, 1) over (partition by bb order by bb desc) from stressme;
% sys.L4 # table_name
% L4 # name
% varchar # type
% 5 # length
[ NULL	]
[ "check"	]
[ "check"	]
[ "check"	]
[ NULL	]
[ NULL	]
[ "one"	]
[ "one"	]
[ "one"	]
#select nth_value(aa, 1) over (order by bb) from stressme;
% sys.L4 # table_name
% L4 # name
% varchar # type
% 3 # length
[ "one"	]
[ "one"	]
[ "one"	]
[ "one"	]
[ "one"	]
[ "one"	]
[ "one"	]
[ "one"	]
[ "one"	]
#select nth_value(aa, 1) over (order by bb desc) from stressme;
% sys.L4 # table_name
% L4 # name
% varchar # type
% 0 # length
[ NULL	]
[ NULL	]
[ NULL	]
[ NULL	]
[ NULL	]
[ NULL	]
[ NULL	]
[ NULL	]
[ NULL	]
#select nth_value(aa, 5) over (partition by bb) from stressme;
% sys.L4 # table_name
% L4 # name
% varchar # type
% 0 # length
[ NULL	]
[ NULL	]
[ NULL	]
[ NULL	]
[ NULL	]
[ NULL	]
[ NULL	]
[ NULL	]
[ NULL	]
#select nth_value(aa, 5) over (partition by bb order by bb asc) from stressme;
% sys.L4 # table_name
% L4 # name
% varchar # type
% 0 # length
[ NULL	]
[ NULL	]
[ NULL	]
[ NULL	]
[ NULL	]
[ NULL	]
[ NULL	]
[ NULL	]
[ NULL	]
#select nth_value(aa, 5) over (partition by bb order by bb desc) from stressme;
% sys.L4 # table_name
% L4 # name
% varchar # type
% 0 # length
[ NULL	]
[ NULL	]
[ NULL	]
[ NULL	]
[ NULL	]
[ NULL	]
[ NULL	]
[ NULL	]
[ NULL	]
#select nth_value(aa, 5) over (order by bb) from stressme;
% sys.L4 # table_name
% L4 # name
% varchar # type
% 2 # length
[ NULL	]
[ NULL	]
[ NULL	]
[ "ok"	]
[ "ok"	]
[ "ok"	]
[ "ok"	]
[ "ok"	]
[ "ok"	]
#select nth_value(aa, 5) over (order by bb desc) from stressme;
% sys.L4 # table_name
% L4 # name
% varchar # type
% 0 # length
[ NULL	]
[ NULL	]
[ NULL	]
[ NULL	]
[ NULL	]
[ NULL	]
[ NULL	]
[ NULL	]
[ NULL	]
#select nth_value(bb, 1) over (partition by aa) from stressme;
% sys.L4 # table_name
% L4 # name
% int # type
% 1 # length
[ 2	]
[ 2	]
[ 1	]
[ 3	]
[ 3	]
[ 2	]
[ 1	]
[ 3	]
[ 1	]
#select nth_value(bb, 1) over (partition by aa order by aa asc) from stressme;
% sys.L4 # table_name
% L4 # name
% int # type
% 1 # length
[ 2	]
[ 2	]
[ 1	]
[ 3	]
[ 3	]
[ 2	]
[ 1	]
[ 3	]
[ 1	]
#select nth_value(bb, 1) over (partition by aa order by aa desc) from stressme;
% sys.L4 # table_name
% L4 # name
% int # type
% 1 # length
[ 2	]
[ 2	]
[ 1	]
[ 3	]
[ 1	]
[ 2	]
[ 3	]
[ 3	]
[ 1	]
#select nth_value(bb, 1) over (order by aa) from stressme;
% sys.L4 # table_name
% L4 # name
% int # type
% 1 # length
[ 2	]
[ 2	]
[ 2	]
[ 2	]
[ 2	]
[ 2	]
[ 2	]
[ 2	]
[ 2	]
#select nth_value(bb, 1) over (order by aa desc) from stressme;
% sys.L4 # table_name
% L4 # name
% int # type
% 1 # length
[ 1	]
[ 1	]
[ 1	]
[ 1	]
[ 1	]
[ 1	]
[ 1	]
[ 1	]
[ 1	]
#select nth_value(bb, 5) over (partition by aa) from stressme;
% sys.L4 # table_name
% L4 # name
% int # type
% 1 # length
[ NULL	]
[ NULL	]
[ NULL	]
[ NULL	]
[ NULL	]
[ NULL	]
[ NULL	]
[ NULL	]
[ NULL	]
#select nth_value(bb, 5) over (partition by aa order by aa asc) from stressme;
% sys.L4 # table_name
% L4 # name
% int # type
% 1 # length
[ NULL	]
[ NULL	]
[ NULL	]
[ NULL	]
[ NULL	]
[ NULL	]
[ NULL	]
[ NULL	]
[ NULL	]
#select nth_value(bb, 5) over (partition by aa order by aa desc) from stressme;
% sys.L4 # table_name
% L4 # name
% int # type
% 1 # length
[ NULL	]
[ NULL	]
[ NULL	]
[ NULL	]
[ NULL	]
[ NULL	]
[ NULL	]
[ NULL	]
[ NULL	]
#select nth_value(bb, 5) over (order by aa) from stressme;
% sys.L4 # table_name
% L4 # name
% int # type
% 1 # length
[ NULL	]
[ NULL	]
[ NULL	]
[ NULL	]
[ 3	]
[ 3	]
[ 3	]
[ 3	]
[ 3	]
#select nth_value(bb, 5) over (order by aa desc) from stressme;
% sys.L4 # table_name
% L4 # name
% int # type
% 1 # length
[ NULL	]
[ NULL	]
[ NULL	]
[ NULL	]
[ 3	]
[ 3	]
[ 3	]
[ 3	]
[ 3	]
#select lag(aa) over (partition by bb) from stressme;
% sys.L4 # table_name
% L4 # name
% varchar # type
% 7 # length
[ NULL	]
[ "one"	]
[ "another"	]
[ NULL	]
[ NULL	]
[ NULL	]
[ "check"	]
[ "me"	]
[ NULL	]
#select lag(aa) over (partition by bb order by bb asc) from stressme;
% sys.L4 # table_name
% L4 # name
% varchar # type
% 7 # length
[ NULL	]
[ "one"	]
[ "another"	]
[ NULL	]
[ NULL	]
[ NULL	]
[ "check"	]
[ "me"	]
[ NULL	]
#select lag(aa) over (partition by bb order by bb desc) from stressme;
% sys.L4 # table_name
% L4 # name
% varchar # type
% 7 # length
[ NULL	]
[ NULL	]
[ "check"	]
[ "me"	]
[ NULL	]
[ NULL	]
[ NULL	]
[ "one"	]
[ "another"	]
#select lag(aa) over (order by bb) from stressme;
% sys.L4 # table_name
% L4 # name
% varchar # type
% 7 # length
[ NULL	]
[ "one"	]
[ "another"	]
[ "stress"	]
[ NULL	]
[ "ok"	]
[ "check"	]
[ "me"	]
[ "please"	]
#select lag(aa) over (order by bb desc) from stressme;
% sys.L4 # table_name
% L4 # name
% varchar # type
% 7 # length
[ NULL	]
[ NULL	]
[ "check"	]
[ "me"	]
[ "please"	]
[ NULL	]
[ "ok"	]
[ "one"	]
[ "another"	]
#select lead(aa) over (partition by bb) from stressme;
% sys.L4 # table_name
% L4 # name
% varchar # type
% 7 # length
[ "another"	]
[ "stress"	]
[ NULL	]
[ "ok"	]
[ NULL	]
[ "me"	]
[ "please"	]
[ NULL	]
[ NULL	]
#select lead(aa) over (partition by bb order by bb asc) from stressme;
% sys.L4 # table_name
% L4 # name
% varchar # type
% 7 # length
[ "another"	]
[ "stress"	]
[ NULL	]
[ "ok"	]
[ NULL	]
[ "me"	]
[ "please"	]
[ NULL	]
[ NULL	]
#select lead(aa) over (partition by bb order by bb desc) from stressme;
% sys.L4 # table_name
% L4 # name
% varchar # type
% 7 # length
[ NULL	]
[ "me"	]
[ "please"	]
[ NULL	]
[ "ok"	]
[ NULL	]
[ "another"	]
[ "stress"	]
[ NULL	]
#select lead(aa) over (order by bb) from stressme;
% sys.L4 # table_name
% L4 # name
% varchar # type
% 7 # length
[ "another"	]
[ "stress"	]
[ NULL	]
[ "ok"	]
[ "check"	]
[ "me"	]
[ "please"	]
[ NULL	]
[ NULL	]
#select lead(aa) over (order by bb desc) from stressme;
% sys.L4 # table_name
% L4 # name
% varchar # type
% 7 # length
[ "check"	]
[ "me"	]
[ "please"	]
[ NULL	]
[ "ok"	]
[ "one"	]
[ "another"	]
[ "stress"	]
[ NULL	]
#select lag(bb) over (partition by aa) from stressme;
% sys.L4 # table_name
% L4 # name
% int # type
% 1 # length
[ NULL	]
[ 2	]
[ NULL	]
[ NULL	]
[ NULL	]
[ NULL	]
[ NULL	]
[ NULL	]
[ NULL	]
#select lag(bb) over (partition by aa order by aa asc) from stressme;
% sys.L4 # table_name
% L4 # name
% int # type
% 1 # length
[ NULL	]
[ 2	]
[ NULL	]
[ NULL	]
[ NULL	]
[ NULL	]
[ NULL	]
[ NULL	]
[ NULL	]
#select lag(bb) over (partition by aa order by aa desc) from stressme;
% sys.L4 # table_name
% L4 # name
% int # type
% 1 # length
[ NULL	]
[ 2	]
[ NULL	]
[ NULL	]
[ NULL	]
[ NULL	]
[ NULL	]
[ NULL	]
[ NULL	]
#select lag(bb) over (order by aa) from stressme;
% sys.L4 # table_name
% L4 # name
% int # type
% 1 # length
[ NULL	]
[ 2	]
[ 4	]
[ 1	]
[ 3	]
[ 3	]
[ 2	]
[ 1	]
[ 3	]
#select lag(bb) over (order by aa desc) from stressme;
% sys.L4 # table_name
% L4 # name
% int # type
% 1 # length
[ NULL	]
[ 1	]
[ 3	]
[ 1	]
[ 2	]
[ 3	]
[ 3	]
[ 1	]
[ 2	]
#select lead(bb) over (partition by aa) from stressme;
% sys.L4 # table_name
% L4 # name
% int # type
% 1 # length
[ 4	]
[ NULL	]
[ NULL	]
[ NULL	]
[ NULL	]
[ NULL	]
[ NULL	]
[ NULL	]
[ NULL	]
#select lead(bb) over (partition by aa order by aa asc) from stressme;
% sys.L4 # table_name
% L4 # name
% int # type
% 1 # length
[ 4	]
[ NULL	]
[ NULL	]
[ NULL	]
[ NULL	]
[ NULL	]
[ NULL	]
[ NULL	]
[ NULL	]
#select lead(bb) over (partition by aa order by aa desc) from stressme;
% sys.L4 # table_name
% L4 # name
% int # type
% 1 # length
[ 4	]
[ NULL	]
[ NULL	]
[ NULL	]
[ NULL	]
[ NULL	]
[ NULL	]
[ NULL	]
[ NULL	]
#select lead(bb) over (order by aa) from stressme;
% sys.L4 # table_name
% L4 # name
% int # type
% 1 # length
[ 4	]
[ 1	]
[ 3	]
[ 3	]
[ 2	]
[ 1	]
[ 3	]
[ 1	]
[ NULL	]
#select lead(bb) over (order by aa desc) from stressme;
% sys.L4 # table_name
% L4 # name
% int # type
% 1 # length
[ 3	]
[ 1	]
[ 2	]
[ 3	]
[ 3	]
[ 1	]
[ 2	]
[ 4	]
[ NULL	]
#select aa, bb, lead(aa, 2, 100) over (partition by bb), lead(aa, 1, '100') over (partition by bb) from analytics;
% sys.analytics,	sys.analytics,	sys.L6,	sys.L12 # table_name
% aa,	bb,	L6,	L12 # name
% int,	int,	int,	int # type
% 2,	1,	3,	3 # length
[ 3,	1,	4,	2	]
[ 2,	1,	100,	4	]
[ 4,	1,	100,	100	]
[ NULL,	2,	8,	3	]
[ 3,	2,	100,	8	]
[ 8,	2,	100,	100	]
[ 15,	3,	6,	5	]
[ 5,	3,	100,	6	]
[ 6,	3,	100,	100	]
[ NULL,	4,	100,	100	]
#select nth_value(aa, aa) over () from analytics;
% sys.L4 # table_name
% L4 # name
% int # type
% 1 # length
[ NULL	]
[ 2	]
[ 3	]
[ NULL	]
[ NULL	]
[ 2	]
[ 5	]
[ 3	]
[ 6	]
[ NULL	]
#select nth_value(1, aa) over () from analytics;
% .L4 # table_name
% L4 # name
% tinyint # type
% 1 # length
[ NULL	]
[ 1	]
[ 1	]
[ 1	]
[ NULL	]
[ 1	]
[ 1	]
[ 1	]
[ 1	]
[ NULL	]
#rollback;
#drop table analytics;

# 16:32:47 >  
# 16:32:47 >  "Done."
# 16:32:47 >  

