stdout of test 'disallow_duplicate_column_aliases.Bug-6723` in directory 'sql/test/BugTracker-2019` itself:


# 13:22:42 >  
# 13:22:42 >  "mserver5" "--debug=10" "--set" "gdk_nr_threads=0" "--set" "mapi_open=true" "--set" "mapi_port=33477" "--set" "mapi_usock=/var/tmp/mtest-15745/.s.monetdb.33477" "--set" "monet_prompt=" "--forcemito" "--dbpath=/export/scratch1/dinther/INSTALL/var/MonetDB/mTests_sql_test_BugTracker-2019" "--set" "embedded_c=true"
# 13:22:42 >  

# MonetDB 5 server v11.33.4 (hg id: 0e77729ef717+)
# This is an unreleased version
# Serving database 'mTests_sql_test_BugTracker-2019', using 4 threads
# Compiled for x86_64-unknown-linux-gnu/64bit with 128bit integers
# Found 31.305 GiB available main-memory.
# Copyright (c) 1993 - July 2008 CWI.
# Copyright (c) August 2008 - 2019 MonetDB B.V., all rights reserved
# Visit https://www.monetdb.org/ for further information
# Listening for connection requests on mapi:monetdb://catskill.da.cwi.nl:33477/
# Listening for UNIX domain connection requests on mapi:monetdb:///var/tmp/mtest-15745/.s.monetdb.33477
# MonetDB/GIS module loaded
# MonetDB/SQL module loaded

Ready.

# 13:22:43 >  
# 13:22:43 >  "mclient" "-lsql" "-ftest" "-tnone" "-Eutf-8" "-i" "-e" "--host=/var/tmp/mtest-15745" "--port=33477"
# 13:22:43 >  


# 13:22:43 >  
# 13:22:43 >  "Done."
# 13:22:43 >  

