stdout of test 'upgrade` in directory 'sql/test/testdb-upgrade-chain` itself:


# 15:17:06 >  
# 15:17:06 >  "mserver5" "--debug=10" "--set" "gdk_nr_threads=0" "--set" "gdk_dbfarm=/ufs/sjoerd/Monet-stable/var/MonetDB" "--set" "mapi_open=true" "--set" "mapi_port=36250" "--set" "monet_prompt=" "--trace" "--forcemito" "--set" "mal_listing=2" "--dbname=mTests_test_testdb-upgrade-chain" "--set" "mal_listing=0"
# 15:17:06 >  

# MonetDB 5 server v11.11.8 (hg id: 34fcf4e7226d+)
# This is an unreleased version
# Serving database 'mTests_test_testdb-upgrade-chain', using 8 threads
# Compiled for x86_64-unknown-linux-gnu/64bit with 64bit OIDs dynamically linked
# Found 15.629 GiB available main-memory.
# Copyright (c) 1993-July 2008 CWI.
# Copyright (c) August 2008-2015 MonetDB B.V., all rights reserved
# Visit http://www.monetdb.org/ for further information
# Listening for connection requests on mapi:monetdb://madrid.ins.cwi.nl:36250/
# MonetDB/GIS module loaded
Running database upgrade commands:
insert into sys.dependencies (select c.id as id, k.id as depend_id, dt.dependency_type_id as depend_type from sys.dependency_types dt, sys._columns c, sys.keys k, sys.objects o where k.id = o.id and o.name = c.name and c.table_id = k.table_id and dt.dependency_type_name = 'KEY' and k.type = 1 and not exists (select d.id from sys.dependencies d where d.id = c.id and d.depend_id = k.id and d.depend_type = dt.dependency_type_id));

# MonetDB/SQL module loaded

Ready.

# 15:56:11 >  
# 15:56:11 >  "/usr/bin/python" "upgrade.SQL.py" "upgrade"
# 15:56:11 >  

#select count(*) from testschema.smallstring;
% .L3 # table_name
% L3 # name
% bigint # type
% 2 # length
[ 66	]

# 15:17:06 >  
# 15:17:06 >  "Done."
# 15:17:06 >  

