stdout of test '24b` in directory 'sql/benchmarks/tpcds` itself:


# 18:29:57 >  
# 18:29:57 >  "mserver5" "--debug=10" "--set" "gdk_nr_threads=0" "--set" "mapi_open=true" "--set" "mapi_port=30709" "--set" "mapi_usock=/var/tmp/mtest-16393/.s.monetdb.30709" "--set" "monet_prompt=" "--forcemito" "--dbpath=/ufs/sjoerd/@Monet-devel/var/MonetDB/mTests_sql_benchmarks_tpcds" "--set" "embedded_c=true"
# 18:29:57 >  

# MonetDB 5 server v11.32.0 (hg id: edafb9f9a3c6+79d16e518d38+)
# This is an unreleased version
# Serving database 'mTests_sql_benchmarks_tpcds', using 8 threads
# Compiled for x86_64-pc-linux-gnu/64bit with 128bit integers
# Found 62.694 GiB available main-memory.
# Copyright (c) 1993 - July 2008 CWI.
# Copyright (c) August 2008 - 2019 MonetDB B.V., all rights reserved
# Visit https://www.monetdb.org/ for further information
# Listening for connection requests on mapi:monetdb://methuselah.da.cwi.nl:30709/
# Listening for UNIX domain connection requests on mapi:monetdb:///var/tmp/mtest-16393/.s.monetdb.30709
# MonetDB/GIS module loaded
# MonetDB/SQL module loaded

Ready.

# 18:29:57 >  
# 18:29:57 >  "mclient" "-lsql" "-ftest" "-tnone" "-Eutf-8" "-i" "-e" "--host=/var/tmp/mtest-16393" "--port=30709"
# 18:29:57 >  

#WITH ssales AS
#  (SELECT c_last_name,
#          c_first_name,
#          s_store_name,
#          ca_state,
#          s_state,
#          i_color,
#          i_current_price,
#          i_manager_id,
#          i_units,
#          i_size,
#          sum(ss_net_paid) netpaid
% sys.ssales,	sys.ssales,	sys.ssales,	sys.L25 # table_name
% c_last_name,	c_first_name,	s_store_name,	paid # name
% char,	char,	varchar,	decimal # type
% 30,	20,	4,	20 # length
[ "Hamlin",	"Heather",	"able",	149.65	]
[ "Martin",	"Harold",	"bar",	5834.88	]
[ "Nall",	"Mike",	"able",	999.70	]
[ "Southern",	"Jeannie",	"bar",	446.31	]

# 18:29:57 >  
# 18:29:57 >  "Done."
# 18:29:57 >  
