stdout of test '29` in directory 'sql/benchmarks/tpcds` itself:


# 18:29:57 >  
# 18:29:57 >  "mserver5" "--debug=10" "--set" "gdk_nr_threads=0" "--set" "mapi_open=true" "--set" "mapi_port=30709" "--set" "mapi_usock=/var/tmp/mtest-16393/.s.monetdb.30709" "--set" "monet_prompt=" "--forcemito" "--dbpath=/ufs/sjoerd/@Monet-devel/var/MonetDB/mTests_sql_benchmarks_tpcds" "--set" "embedded_c=true"
# 18:29:57 >  

# MonetDB 5 server v11.32.0 (hg id: edafb9f9a3c6+79d16e518d38+)
# This is an unreleased version
# Serving database 'mTests_sql_benchmarks_tpcds', using 8 threads
# Compiled for x86_64-pc-linux-gnu/64bit with 128bit integers
# Found 62.694 GiB available main-memory.
# Copyright (c) 1993 - July 2008 CWI.
# Copyright (c) August 2008 - 2019 MonetDB B.V., all rights reserved
# Visit https://www.monetdb.org/ for further information
# Listening for connection requests on mapi:monetdb://methuselah.da.cwi.nl:30709/
# Listening for UNIX domain connection requests on mapi:monetdb:///var/tmp/mtest-16393/.s.monetdb.30709
# MonetDB/GIS module loaded
# MonetDB/SQL module loaded

Ready.

# 18:29:57 >  
# 18:29:57 >  "mclient" "-lsql" "-ftest" "-tnone" "-Eutf-8" "-i" "-e" "--host=/var/tmp/mtest-16393" "--port=30709"
# 18:29:57 >  

#SELECT i_item_id,
#       i_item_desc,
#       s_store_id,
#       s_store_name,
#       sum(ss_quantity) AS store_sales_quantity,
#       sum(sr_return_quantity) AS store_returns_quantity,
#       sum(cs_quantity) AS catalog_sales_quantity
#FROM store_sales,
#     store_returns,
#     catalog_sales,
#     date_dim d1,
#     date_dim d2,
% sys.item,	sys.item,	sys.store,	sys.store,	sys.L7,	sys.L12,	sys.L15 # table_name
% i_item_id,	i_item_desc,	s_store_id,	s_store_name,	store_sales_quantity,	store_returns_quantity,	catalog_sales_quantity # name
% char,	varchar,	char,	varchar,	bigint,	bigint,	bigint # type
% 16,	150,	16,	5,	2,	2,	2 # length
[ "AAAAAAAABOKDAAAA",	"Immediate women sell. Slowly sure measures might ensure in order from a duties. Privately aware damages may compensate so for example previous letters",	"AAAAAAAABAAAAAAA",	"ought",	99,	81,	22	]

# 18:29:57 >  
# 18:29:57 >  "Done."
# 18:29:57 >  
