stdout of test 'trace_test` in directory 'sql/test/miscellaneous` itself:


# 08:41:05 >  
# 08:41:05 >  "mserver5" "--debug=10" "--set" "gdk_nr_threads=0" "--set" "mapi_open=true" "--set" "mapi_port=34061" "--set" "mapi_usock=/var/tmp/mtest-1541/.s.monetdb.34061" "--set" "monet_prompt=" "--forcemito" "--set" "mal_listing=2" "--dbpath=/home/niels/scratch/monetdb/Linux-x86_64/var/MonetDB/mTests_sql_test_miscellaneous" "--set" "mal_listing=0" "--set" "embedded_r=yes"
# 08:41:05 >  

# MonetDB 5 server v11.22.0
# This is an unreleased version
# Serving database 'mTests_sql_test_miscellaneous', using 4 threads
# Compiled for x86_64-unknown-linux-gnu/64bit with 64bit OIDs and 128bit integers dynamically linked
# Found 7.333 GiB available main-memory.
# Copyright (c) 1993-July 2008 CWI.
# Copyright (c) August 2008-2015 MonetDB B.V., all rights reserved
# Visit http://www.monetdb.org/ for further information
# Listening for connection requests on mapi:monetdb://localhost.nes.nl:34061/
# Listening for UNIX domain connection requests on mapi:monetdb:///var/tmp/mtest-1541/.s.monetdb.34061
# MonetDB/GIS module loaded
# SQL catalog created, loading sql scripts once
# loading sql script: 09_like.sql
# loading sql script: 10_math.sql
# loading sql script: 11_times.sql
# loading sql script: 12_url.sql
# loading sql script: 13_date.sql
# loading sql script: 14_inet.sql
# loading sql script: 15_querylog.sql
# loading sql script: 16_tracelog.sql
# loading sql script: 17_temporal.sql
# loading sql script: 20_vacuum.sql
# loading sql script: 21_dependency_functions.sql
# loading sql script: 22_clients.sql
# loading sql script: 23_skyserver.sql
# loading sql script: 24_zorder.sql
# loading sql script: 25_debug.sql
# loading sql script: 26_sysmon.sql
# loading sql script: 27_rejects.sql
# loading sql script: 39_analytics.sql
# loading sql script: 39_analytics_hge.sql
# loading sql script: 40_geom.sql
# loading sql script: 40_json.sql
# loading sql script: 40_json_hge.sql
# loading sql script: 41_md5sum.sql
# loading sql script: 45_uuid.sql
# loading sql script: 46_gsl.sql
# loading sql script: 46_profiler.sql
# loading sql script: 51_sys_schema_extension.sql
# loading sql script: 72_fits.sql
# loading sql script: 74_netcdf.sql
# loading sql script: 75_storagemodel.sql
# loading sql script: 80_statistics.sql
# loading sql script: 80_udf.sql
# loading sql script: 80_udf_hge.sql
# loading sql script: 85_bam.sql
# loading sql script: 90_generator.sql
# loading sql script: 90_generator_hge.sql
# loading sql script: 99_system.sql
# MonetDB/SQL module loaded

Ready.

# 08:41:05 >  
# 08:41:05 >  "mclient" "-lsql" "-ftest" "-Eutf-8" "-i" "-e" "--host=/var/tmp/mtest-1541" "--port=34061"
# 08:41:05 >  

#select '~BeginProfilingOutput~';
% .L2 # table_name
% L2 # name
% char # type
% 22 # length
[ "~BeginProfilingOutput~"	]
#trace select count(*) from tables;
% .L41 # table_name
% L41 # name
% bigint # type
% 2 # length
[ 90	]
#trace select count(*) from tables;
% .trace,	.trace # table_name
% usec,	statement # name
% bigint,	clob # type
% 4,	210 # length
[ 65,	"X_1=0@0:void := querylog.define(\"trace select count(*) from tables;\":str, \"default_pipe\":str, 30:int);"	]
[ 92,	"X_4=0:int := sql.mvc();"	]
[ 81,	"C_5=<tmp_1112>[90]:bat[:oid] := sql.tid(X_4=0:int, \"sys\":str, \"_tables\":str);"	]
[ 162,	"(X_166=<sql_empty_oid_bat>[0]:bat[:oid], X_167=<sql_empty_sht_bat>[0]:bat[:sht]) := sql.bind(X_4=0:int, \"sys\":str, \"_tables\":str, \"type\":str, 2:int, 6:int, 8:int);"	]
[ 125,	"(X_157=<sql_empty_oid_bat>[0]:bat[:oid], X_158=<sql_empty_sht_bat>[0]:bat[:sht]) := sql.bind(X_4=0:int, \"sys\":str, \"_tables\":str, \"type\":str, 2:int, 2:int, 8:int);"	]
[ 270,	"C_97=<tmp_1362>[11]:bat[:oid] := sql.tid(X_4=0:int, \"sys\":str, \"_tables\":str, 0:int, 8:int);"	]
[ 363,	"(X_161=<sql_empty_oid_bat>[0]:bat[:oid], X_162=<sql_empty_sht_bat>[0]:bat[:sht]) := sql.bind(X_4=0:int, \"sys\":str, \"_tables\":str, \"type\":str, 2:int, 4:int, 8:int);"	]
[ 372,	"(X_164=<sql_empty_oid_bat>[0]:bat[:oid], X_165=<sql_empty_sht_bat>[0]:bat[:sht]) := sql.bind(X_4=0:int, \"sys\":str, \"_tables\":str, \"type\":str, 2:int, 5:int, 8:int);"	]
[ 109,	"C_201=<tmp_1320>[0]:bat[:oid] := algebra.thetaselect(X_167=<sql_empty_sht_bat>[0]:bat[:sht], nil:bat[:oid], 2:sht, \"!=\":str);"	]
[ 73,	"C_197=<tmp_1155>[0]:bat[:oid] := algebra.thetaselect(X_158=<sql_empty_sht_bat>[0]:bat[:sht], nil:bat[:oid], 2:sht, \"!=\":str);"	]
[ 71,	"C_199=<tmp_1266>[0]:bat[:oid] := algebra.thetaselect(X_162=<sql_empty_sht_bat>[0]:bat[:sht], nil:bat[:oid], 2:sht, \"!=\":str);"	]
[ 70,	"C_200=<tmp_1374>[0]:bat[:oid] := algebra.thetaselect(X_165=<sql_empty_sht_bat>[0]:bat[:sht], nil:bat[:oid], 2:sht, \"!=\":str);"	]
[ 89,	"(X_155=<sql_empty_oid_bat>[0]:bat[:oid], X_156=<sql_empty_sht_bat>[0]:bat[:sht]) := sql.bind(X_4=0:int, \"sys\":str, \"_tables\":str, \"type\":str, 2:int, 1:int, 8:int);"	]
[ 92,	"(X_153=<sql_empty_oid_bat>[0]:bat[:oid], X_154=<sql_empty_sht_bat>[0]:bat[:sht]) := sql.bind(X_4=0:int, \"sys\":str, \"_tables\":str, \"type\":str, 2:int, 0:int, 8:int);"	]
[ 76,	"(X_21=<sql_empty_oid_bat>[0]:bat[:oid], X_22=<sql_empty_sht_bat>[0]:bat[:sht]) := sql.bind(X_4=0:int, \"sys\":str, \"_tables\":str, \"type\":str, 2:int);"	]
[ 65,	"C_196=<tmp_1274>[0]:bat[:oid] := algebra.thetaselect(X_156=<sql_empty_sht_bat>[0]:bat[:sht], nil:bat[:oid], 2:sht, \"!=\":str);"	]
[ 65,	"C_195=<tmp_1412>[0]:bat[:oid] := algebra.thetaselect(X_154=<sql_empty_sht_bat>[0]:bat[:sht], nil:bat[:oid], 2:sht, \"!=\":str);"	]
[ 71,	"X_20=<sql_empty_sht_bat>[0]:bat[:sht] := sql.bind(X_4=0:int, \"sys\":str, \"_tables\":str, \"type\":str, 1:int);"	]
[ 83,	"X_152=<tmp_1254>[13]:bat[:sht] := sql.bind(X_4=0:int, \"sys\":str, \"_tables\":str, \"type\":str, 0:int, 7:int, 8:int);"	]
[ 95,	"X_150=<tmp_1345>[11]:bat[:sht] := sql.bind(X_4=0:int, \"sys\":str, \"_tables\":str, \"type\":str, 0:int, 6:int, 8:int);"	]
[ 81,	"X_144=<tmp_1401>[11]:bat[:sht] := sql.bind(X_4=0:int, \"sys\":str, \"_tables\":str, \"type\":str, 0:int, 3:int, 8:int);"	]
[ 126,	"X_146=<tmp_1123>[11]:bat[:sht] := sql.bind(X_4=0:int, \"sys\":str, \"_tables\":str, \"type\":str, 0:int, 4:int, 8:int);"	]
[ 185,	"X_148=<tmp_1332>[11]:bat[:sht] := sql.bind(X_4=0:int, \"sys\":str, \"_tables\":str, \"type\":str, 0:int, 5:int, 8:int);"	]
[ 82,	"X_142=<tmp_1365>[11]:bat[:sht] := sql.bind(X_4=0:int, \"sys\":str, \"_tables\":str, \"type\":str, 0:int, 2:int, 8:int);"	]
[ 1371,	"(X_168=<sql_empty_oid_bat>[0]:bat[:oid], X_169=<sql_empty_sht_bat>[0]:bat[:sht]) := sql.bind(X_4=0:int, \"sys\":str, \"_tables\":str, \"type\":str, 2:int, 7:int, 8:int);"	]
[ 88,	"X_140=<tmp_1313>[11]:bat[:sht] := sql.bind(X_4=0:int, \"sys\":str, \"_tables\":str, \"type\":str, 0:int, 1:int, 8:int);"	]
[ 95,	"(X_133=<sql_empty_oid_bat>[0]:bat[:oid], X_134=<sql_empty_int_bat>[0]:bat[:int]) := sql.bind(X_4=0:int, \"sys\":str, \"_tables\":str, \"id\":str, 2:int, 6:int, 8:int);"	]
[ 128,	"X_138=<tmp_1353>[11]:bat[:sht] := sql.bind(X_4=0:int, \"sys\":str, \"_tables\":str, \"type\":str, 0:int, 0:int, 8:int);"	]
[ 133,	"(X_135=<sql_empty_oid_bat>[0]:bat[:oid], X_136=<sql_empty_int_bat>[0]:bat[:int]) := sql.bind(X_4=0:int, \"sys\":str, \"_tables\":str, \"id\":str, 2:int, 7:int, 8:int);"	]
[ 71,	"C_202=<tmp_1311>[0]:bat[:oid] := algebra.thetaselect(X_169=<sql_empty_sht_bat>[0]:bat[:sht], nil:bat[:oid], 2:sht, \"!=\":str);"	]
[ 1158,	"X_219=<tmp_1352>[11]:bat[:oid] := mat.packIncrement(C_97=<tmp_1362>[11]:bat[:oid], 8:int);"	]
[ 100,	"(X_131=<sql_empty_oid_bat>[0]:bat[:oid], X_132=<sql_empty_int_bat>[0]:bat[:int]) := sql.bind(X_4=0:int, \"sys\":str, \"_tables\":str, \"id\":str, 2:int, 5:int, 8:int);"	]
[ 84,	"(X_128=<sql_empty_oid_bat>[0]:bat[:oid], X_129=<sql_empty_int_bat>[0]:bat[:int]) := sql.bind(X_4=0:int, \"sys\":str, \"_tables\":str, \"id\":str, 2:int, 4:int, 8:int);"	]
[ 102,	"(X_126=<sql_empty_oid_bat>[0]:bat[:oid], X_127=<sql_empty_int_bat>[0]:bat[:int]) := sql.bind(X_4=0:int, \"sys\":str, \"_tables\":str, \"id\":str, 2:int, 3:int, 8:int);"	]
[ 120,	"C_187=<tmp_1371>[11]:bat[:oid] := algebra.thetaselect(X_138=<tmp_1353>[11]:bat[:sht], C_97=<tmp_1362>[11]:bat[:oid], 2:sht, \"!=\":str);"	]
[ 131,	"(X_124=<sql_empty_oid_bat>[0]:bat[:oid], X_125=<sql_empty_int_bat>[0]:bat[:int]) := sql.bind(X_4=0:int, \"sys\":str, \"_tables\":str, \"id\":str, 2:int, 2:int, 8:int);"	]
[ 102,	"C_99=<tmp_1321>[11]:bat[:oid] := sql.tid(X_4=0:int, \"sys\":str, \"_tables\":str, 1:int, 8:int);"	]
[ 87,	"(X_120=<sql_empty_oid_bat>[0]:bat[:oid], X_121=<sql_empty_int_bat>[0]:bat[:int]) := sql.bind(X_4=0:int, \"sys\":str, \"_tables\":str, \"id\":str, 2:int, 0:int, 8:int);"	]
[ 133,	"(X_122=<sql_empty_oid_bat>[0]:bat[:oid], X_123=<sql_empty_int_bat>[0]:bat[:int]) := sql.bind(X_4=0:int, \"sys\":str, \"_tables\":str, \"id\":str, 2:int, 1:int, 8:int);"	]
[ 79,	"(X_13=<sql_empty_oid_bat>[0]:bat[:oid], X_14=<sql_empty_int_bat>[0]:bat[:int]) := sql.bind(X_4=0:int, \"sys\":str, \"_tables\":str, \"id\":str, 2:int);"	]
[ 70,	"language.pass(C_97=<tmp_1362>[11]:bat[:oid]);"	]
[ 59,	"X_210=<tmp_1325>[11]:bat[:oid] := mat.packIncrement(C_187=<tmp_1371>[11]:bat[:oid], 8:int);"	]
[ 95,	"X_220=<tmp_1352>[22]:bat[:oid] := mat.packIncrement(X_219=<tmp_1352>[22]:bat[:oid], C_99=<tmp_1321>[11]:bat[:oid]);"	]
[ 136,	"C_188=<tmp_1174>[11]:bat[:oid] := algebra.thetaselect(X_140=<tmp_1313>[11]:bat[:sht], C_99=<tmp_1321>[11]:bat[:oid], 2:sht, \"!=\":str);"	]
[ 73,	"X_11=<sql_empty_int_bat>[0]:bat[:int] := sql.bind(X_4=0:int, \"sys\":str, \"_tables\":str, \"id\":str, 1:int);"	]
[ 125,	"X_119=<tmp_1333>[13]:bat[:int] := sql.bind(X_4=0:int, \"sys\":str, \"_tables\":str, \"id\":str, 0:int, 7:int, 8:int);"	]
[ 126,	"X_118=<tmp_1362>[11]:bat[:int] := sql.bind(X_4=0:int, \"sys\":str, \"_tables\":str, \"id\":str, 0:int, 6:int, 8:int);"	]
[ 85,	"X_117=<tmp_1272>[11]:bat[:int] := sql.bind(X_4=0:int, \"sys\":str, \"_tables\":str, \"id\":str, 0:int, 5:int, 8:int);"	]
[ 70,	"language.pass(C_99=<tmp_1321>[11]:bat[:oid]);"	]
[ 83,	"X_115=<tmp_1335>[11]:bat[:int] := sql.bind(X_4=0:int, \"sys\":str, \"_tables\":str, \"id\":str, 0:int, 3:int, 8:int);"	]
[ 122,	"X_116=<tmp_466>[11]:bat[:int] := sql.bind(X_4=0:int, \"sys\":str, \"_tables\":str, \"id\":str, 0:int, 4:int, 8:int);"	]
[ 59,	"X_212=<tmp_1325>[22]:bat[:oid] := mat.packIncrement(X_210=<tmp_1325>[22]:bat[:oid], C_188=<tmp_1174>[11]:bat[:oid]);"	]
[ 2486,	"(X_159=<sql_empty_oid_bat>[0]:bat[:oid], X_160=<sql_empty_sht_bat>[0]:bat[:sht]) := sql.bind(X_4=0:int, \"sys\":str, \"_tables\":str, \"type\":str, 2:int, 3:int, 8:int);"	]
[ 107,	"C_101=<tmp_1321>[11]:bat[:oid] := sql.tid(X_4=0:int, \"sys\":str, \"_tables\":str, 2:int, 8:int);"	]
[ 87,	"X_112=<tmp_1222>[11]:bat[:int] := sql.bind(X_4=0:int, \"sys\":str, \"_tables\":str, \"id\":str, 0:int, 0:int, 8:int);"	]
[ 132,	"X_114=<tmp_1135>[11]:bat[:int] := sql.bind(X_4=0:int, \"sys\":str, \"_tables\":str, \"id\":str, 0:int, 2:int, 8:int);"	]
[ 126,	"X_113=<tmp_1353>[11]:bat[:int] := sql.bind(X_4=0:int, \"sys\":str, \"_tables\":str, \"id\":str, 0:int, 1:int, 8:int);"	]
[ 107,	"X_8=<tmp_154>[90]:bat[:int] := sql.bind(X_4=0:int, \"sys\":str, \"_tables\":str, \"id\":str, 0:int);"	]
[ 107,	"C_111=<tmp_1427>[13]:bat[:oid] := sql.tid(X_4=0:int, \"sys\":str, \"_tables\":str, 7:int, 8:int);"	]
[ 81,	"C_109=<tmp_1436>[11]:bat[:oid] := sql.tid(X_4=0:int, \"sys\":str, \"_tables\":str, 6:int, 8:int);"	]
[ 105,	"C_198=<tmp_1132>[0]:bat[:oid] := algebra.thetaselect(X_160=<sql_empty_sht_bat>[0]:bat[:sht], nil:bat[:oid], 2:sht, \"!=\":str);"	]
[ 115,	"C_189=<tmp_1313>[11]:bat[:oid] := algebra.thetaselect(X_142=<tmp_1365>[11]:bat[:sht], C_101=<tmp_1321>[11]:bat[:oid], 2:sht, \"!=\":str);"	]
[ 90,	"X_221=<tmp_1352>[33]:bat[:oid] := mat.packIncrement(X_220=<tmp_1352>[33]:bat[:oid], C_101=<tmp_1321>[11]:bat[:oid]);"	]
[ 101,	"C_107=<tmp_1240>[11]:bat[:oid] := sql.tid(X_4=0:int, \"sys\":str, \"_tables\":str, 5:int, 8:int);"	]
[ 102,	"C_103=<tmp_1217>[11]:bat[:oid] := sql.tid(X_4=0:int, \"sys\":str, \"_tables\":str, 3:int, 8:int);"	]
[ 114,	"C_105=<tmp_1115>[11]:bat[:oid] := sql.tid(X_4=0:int, \"sys\":str, \"_tables\":str, 4:int, 8:int);"	]
[ 120,	"C_194=<tmp_1111>[13]:bat[:oid] := algebra.thetaselect(X_152=<tmp_1254>[13]:bat[:sht], C_111=<tmp_1427>[13]:bat[:oid], 2:sht, \"!=\":str);"	]
[ 59,	"X_213=<tmp_1325>[33]:bat[:oid] := mat.packIncrement(X_212=<tmp_1325>[33]:bat[:oid], C_189=<tmp_1313>[11]:bat[:oid]);"	]
[ 119,	"C_193=<tmp_1161>[11]:bat[:oid] := algebra.thetaselect(X_150=<tmp_1345>[11]:bat[:sht], C_109=<tmp_1436>[11]:bat[:oid], 2:sht, \"!=\":str);"	]
[ 115,	"C_190=<tmp_1425>[11]:bat[:oid] := algebra.thetaselect(X_144=<tmp_1401>[11]:bat[:sht], C_103=<tmp_1217>[11]:bat[:oid], 2:sht, \"!=\":str);"	]
[ 114,	"C_191=<tmp_1432>[11]:bat[:oid] := algebra.thetaselect(X_146=<tmp_1123>[11]:bat[:sht], C_105=<tmp_1115>[11]:bat[:oid], 2:sht, \"!=\":str);"	]
[ 124,	"C_192=<tmp_1260>[11]:bat[:oid] := algebra.thetaselect(X_148=<tmp_1332>[11]:bat[:sht], C_107=<tmp_1240>[11]:bat[:oid], 2:sht, \"!=\":str);"	]
[ 65,	"language.pass(C_101=<tmp_1321>[11]:bat[:oid]);"	]
[ 91,	"X_214=<tmp_1325>[44]:bat[:oid] := mat.packIncrement(X_213=<tmp_1325>[44]:bat[:oid], C_190=<tmp_1425>[11]:bat[:oid]);"	]
[ 90,	"X_222=<tmp_1352>[44]:bat[:oid] := mat.packIncrement(X_221=<tmp_1352>[44]:bat[:oid], C_103=<tmp_1217>[11]:bat[:oid]);"	]
[ 69,	"language.pass(C_103=<tmp_1217>[11]:bat[:oid]);"	]
[ 93,	"X_215=<tmp_1325>[55]:bat[:oid] := mat.packIncrement(X_214=<tmp_1325>[55]:bat[:oid], C_191=<tmp_1432>[11]:bat[:oid]);"	]
[ 79,	"X_223=<tmp_1352>[55]:bat[:oid] := mat.packIncrement(X_222=<tmp_1352>[55]:bat[:oid], C_105=<tmp_1115>[11]:bat[:oid]);"	]
[ 57,	"X_216=<tmp_1325>[66]:bat[:oid] := mat.packIncrement(X_215=<tmp_1325>[66]:bat[:oid], C_192=<tmp_1260>[11]:bat[:oid]);"	]
[ 51,	"language.pass(C_105=<tmp_1115>[11]:bat[:oid]);"	]
[ 68,	"X_224=<tmp_1352>[66]:bat[:oid] := mat.packIncrement(X_223=<tmp_1352>[66]:bat[:oid], C_107=<tmp_1240>[11]:bat[:oid]);"	]
[ 59,	"X_217=<tmp_1325>[77]:bat[:oid] := mat.packIncrement(X_216=<tmp_1325>[77]:bat[:oid], C_193=<tmp_1161>[11]:bat[:oid]);"	]
[ 45,	"language.pass(C_107=<tmp_1240>[11]:bat[:oid]);"	]
[ 65,	"X_225=<tmp_1352>[77]:bat[:oid] := mat.packIncrement(X_224=<tmp_1352>[77]:bat[:oid], C_109=<tmp_1436>[11]:bat[:oid]);"	]
[ 60,	"C_89=<tmp_1325>[90]:bat[:oid] := mat.packIncrement(X_217=<tmp_1325>[90]:bat[:oid], C_194=<tmp_1111>[13]:bat[:oid]);"	]
[ 58,	"language.pass(C_109=<tmp_1436>[11]:bat[:oid]);"	]
[ 4488,	"barrier X_277=false:bit := language.dataflow();"	]
[ 58,	"X_38=<tmp_1436>[0]:bat[:lng] := bat.new(nil:lng);"	]
[ 110,	"X_235=<tmp_1252>[0]:bat[:oid] := mat.packIncrement(X_153=<sql_empty_oid_bat>[0]:bat[:oid], 8:int);"	]
[ 110,	"C_5=<tmp_1352>[90]:bat[:oid] := mat.packIncrement(X_225=<tmp_1352>[90]:bat[:oid], C_111=<tmp_1427>[13]:bat[:oid]);"	]
[ 114,	"X_252=<tmp_1217>[11]:bat[:int] := mat.packIncrement(X_112=<tmp_1222>[11]:bat[:int], 8:int);"	]
[ 116,	"X_260=<tmp_1115>[0]:bat[:oid] := mat.packIncrement(X_120=<sql_empty_oid_bat>[0]:bat[:oid], 8:int);"	]
[ 114,	"X_227=<tmp_1240>[11]:bat[:oid] := mat.packIncrement(C_187=<tmp_1371>[11]:bat[:oid], 8:int);"	]
[ 120,	"C_32=<tmp_1321>[0]:bat[:oid] := sql.tid(X_4=0:int, \"tmp\":str, \"_tables\":str);"	]
[ 63,	"X_243=<tmp_1345>[0]:bat[:oid] := mat.packIncrement(C_195=<tmp_1412>[0]:bat[:oid], 8:int);"	]
[ 90,	"X_236=<tmp_1252>[0]:bat[:oid] := mat.packIncrement(X_235=<tmp_1252>[0]:bat[:oid], X_155=<sql_empty_oid_bat>[0]:bat[:oid]);"	]
[ 96,	"X_261=<tmp_1115>[0]:bat[:oid] := mat.packIncrement(X_260=<tmp_1115>[0]:bat[:oid], X_122=<sql_empty_oid_bat>[0]:bat[:oid]);"	]
[ 59,	"X_245=<tmp_1345>[0]:bat[:oid] := mat.packIncrement(X_243=<tmp_1345>[0]:bat[:oid], C_196=<tmp_1274>[0]:bat[:oid]);"	]
[ 89,	"X_228=<tmp_1240>[22]:bat[:oid] := mat.packIncrement(X_227=<tmp_1240>[22]:bat[:oid], C_188=<tmp_1174>[11]:bat[:oid]);"	]
[ 93,	"X_253=<tmp_1217>[22]:bat[:int] := mat.packIncrement(X_252=<tmp_1217>[22]:bat[:int], X_113=<tmp_1353>[11]:bat[:int]);"	]
[ 118,	"C_92=<tmp_1427>[0]:bat[:oid] := algebra.thetaselect(X_20=<sql_empty_sht_bat>[0]:bat[:sht], C_5=<tmp_1352>[90]:bat[:oid], 2:sht, \"!=\":str);"	]
[ 115,	"X_34=<tmp_233>[0]:bat[:int] := sql.bind(X_4=0:int, \"tmp\":str, \"_tables\":str, \"id\":str, 0:int);"	]
[ 62,	"X_246=<tmp_1345>[0]:bat[:oid] := mat.packIncrement(X_245=<tmp_1345>[0]:bat[:oid], C_197=<tmp_1155>[0]:bat[:oid]);"	]
[ 86,	"X_237=<tmp_1252>[0]:bat[:oid] := mat.packIncrement(X_236=<tmp_1252>[0]:bat[:oid], X_157=<sql_empty_oid_bat>[0]:bat[:oid]);"	]
[ 86,	"X_262=<tmp_1115>[0]:bat[:oid] := mat.packIncrement(X_261=<tmp_1115>[0]:bat[:oid], X_124=<sql_empty_oid_bat>[0]:bat[:oid]);"	]
[ 86,	"X_229=<tmp_1240>[33]:bat[:oid] := mat.packIncrement(X_228=<tmp_1240>[33]:bat[:oid], C_189=<tmp_1313>[11]:bat[:oid]);"	]
[ 92,	"X_254=<tmp_1217>[33]:bat[:int] := mat.packIncrement(X_253=<tmp_1217>[33]:bat[:int], X_114=<tmp_1135>[11]:bat[:int]);"	]
[ 90,	"X_268=<tmp_1401>[0]:bat[:int] := mat.packIncrement(X_121=<sql_empty_int_bat>[0]:bat[:int], 8:int);"	]
[ 94,	"X_35=<tmp_1437>[0]:bat[:int] := algebra.projection(C_32=<tmp_1321>[0]:bat[:oid], X_34=<tmp_233>[0]:bat[:int]);"	]
[ 58,	"X_247=<tmp_1345>[0]:bat[:oid] := mat.packIncrement(X_246=<tmp_1345>[0]:bat[:oid], C_198=<tmp_1132>[0]:bat[:oid]);"	]
[ 95,	"X_238=<tmp_1252>[0]:bat[:oid] := mat.packIncrement(X_237=<tmp_1252>[0]:bat[:oid], X_159=<sql_empty_oid_bat>[0]:bat[:oid]);"	]
[ 85,	"X_263=<tmp_1115>[0]:bat[:oid] := mat.packIncrement(X_262=<tmp_1115>[0]:bat[:oid], X_126=<sql_empty_oid_bat>[0]:bat[:oid]);"	]
[ 85,	"X_230=<tmp_1240>[44]:bat[:oid] := mat.packIncrement(X_229=<tmp_1240>[44]:bat[:oid], C_190=<tmp_1425>[11]:bat[:oid]);"	]
[ 57,	"X_248=<tmp_1345>[0]:bat[:oid] := mat.packIncrement(X_247=<tmp_1345>[0]:bat[:oid], C_199=<tmp_1266>[0]:bat[:oid]);"	]
[ 94,	"X_255=<tmp_1217>[44]:bat[:int] := mat.packIncrement(X_254=<tmp_1217>[44]:bat[:int], X_115=<tmp_1335>[11]:bat[:int]);"	]
[ 88,	"X_269=<tmp_1401>[0]:bat[:int] := mat.packIncrement(X_268=<tmp_1401>[0]:bat[:int], X_123=<sql_empty_int_bat>[0]:bat[:int]);"	]
[ 78,	"X_36=0:lng := aggr.count(X_35=<tmp_1437>[0]:bat[:int]);"	]
[ 62,	"X_249=<tmp_1345>[0]:bat[:oid] := mat.packIncrement(X_248=<tmp_1345>[0]:bat[:oid], C_200=<tmp_1374>[0]:bat[:oid]);"	]
[ 85,	"X_239=<tmp_1252>[0]:bat[:oid] := mat.packIncrement(X_238=<tmp_1252>[0]:bat[:oid], X_161=<sql_empty_oid_bat>[0]:bat[:oid]);"	]
[ 78,	"X_231=<tmp_1240>[55]:bat[:oid] := mat.packIncrement(X_230=<tmp_1240>[55]:bat[:oid], C_191=<tmp_1432>[11]:bat[:oid]);"	]
[ 86,	"X_264=<tmp_1115>[0]:bat[:oid] := mat.packIncrement(X_263=<tmp_1115>[0]:bat[:oid], X_128=<sql_empty_oid_bat>[0]:bat[:oid]);"	]
[ 85,	"X_270=<tmp_1401>[0]:bat[:int] := mat.packIncrement(X_269=<tmp_1401>[0]:bat[:int], X_125=<sql_empty_int_bat>[0]:bat[:int]);"	]
[ 97,	"X_256=<tmp_1217>[55]:bat[:int] := mat.packIncrement(X_255=<tmp_1217>[55]:bat[:int], X_116=<tmp_466>[11]:bat[:int]);"	]
[ 59,	"X_250=<tmp_1345>[0]:bat[:oid] := mat.packIncrement(X_249=<tmp_1345>[0]:bat[:oid], C_201=<tmp_1320>[0]:bat[:oid]);"	]
[ 57,	"X_232=<tmp_1240>[66]:bat[:oid] := mat.packIncrement(X_231=<tmp_1240>[66]:bat[:oid], C_192=<tmp_1260>[11]:bat[:oid]);"	]
[ 86,	"X_240=<tmp_1252>[0]:bat[:oid] := mat.packIncrement(X_239=<tmp_1252>[0]:bat[:oid], X_164=<sql_empty_oid_bat>[0]:bat[:oid]);"	]
[ 83,	"X_265=<tmp_1115>[0]:bat[:oid] := mat.packIncrement(X_264=<tmp_1115>[0]:bat[:oid], X_131=<sql_empty_oid_bat>[0]:bat[:oid]);"	]
[ 81,	"X_271=<tmp_1401>[0]:bat[:int] := mat.packIncrement(X_270=<tmp_1401>[0]:bat[:int], X_127=<sql_empty_int_bat>[0]:bat[:int]);"	]
[ 60,	"C_90=<tmp_1345>[0]:bat[:oid] := mat.packIncrement(X_250=<tmp_1345>[0]:bat[:oid], C_202=<tmp_1311>[0]:bat[:oid]);"	]
[ 58,	"X_233=<tmp_1240>[77]:bat[:oid] := mat.packIncrement(X_232=<tmp_1240>[77]:bat[:oid], C_193=<tmp_1161>[11]:bat[:oid]);"	]
[ 98,	"X_257=<tmp_1217>[66]:bat[:int] := mat.packIncrement(X_256=<tmp_1217>[66]:bat[:int], X_117=<tmp_1272>[11]:bat[:int]);"	]
[ 87,	"X_241=<tmp_1252>[0]:bat[:oid] := mat.packIncrement(X_240=<tmp_1252>[0]:bat[:oid], X_166=<sql_empty_oid_bat>[0]:bat[:oid]);"	]
[ 88,	"X_266=<tmp_1115>[0]:bat[:oid] := mat.packIncrement(X_265=<tmp_1115>[0]:bat[:oid], X_133=<sql_empty_oid_bat>[0]:bat[:oid]);"	]
[ 57,	"C_89=<tmp_1240>[90]:bat[:oid] := mat.packIncrement(X_233=<tmp_1240>[90]:bat[:oid], C_194=<tmp_1111>[13]:bat[:oid]);"	]
[ 81,	"X_272=<tmp_1401>[0]:bat[:int] := mat.packIncrement(X_271=<tmp_1401>[0]:bat[:int], X_129=<sql_empty_int_bat>[0]:bat[:int]);"	]
[ 92,	"X_258=<tmp_1217>[77]:bat[:int] := mat.packIncrement(X_257=<tmp_1217>[77]:bat[:int], X_118=<tmp_1362>[11]:bat[:int]);"	]
[ 87,	"X_21=<tmp_1252>[0]:bat[:oid] := mat.packIncrement(X_241=<tmp_1252>[0]:bat[:oid], X_168=<sql_empty_oid_bat>[0]:bat[:oid]);"	]
[ 92,	"X_13=<tmp_1115>[0]:bat[:oid] := mat.packIncrement(X_266=<tmp_1115>[0]:bat[:oid], X_135=<sql_empty_oid_bat>[0]:bat[:oid]);"	]
[ 83,	"X_273=<tmp_1401>[0]:bat[:int] := mat.packIncrement(X_272=<tmp_1401>[0]:bat[:int], X_132=<sql_empty_int_bat>[0]:bat[:int]);"	]
[ 104,	"X_8=<tmp_1217>[90]:bat[:int] := mat.packIncrement(X_258=<tmp_1217>[90]:bat[:int], X_119=<tmp_1333>[13]:bat[:int]);"	]
[ 58,	"X_274=<tmp_1401>[0]:bat[:int] := mat.packIncrement(X_273=<tmp_1401>[0]:bat[:int], X_134=<sql_empty_int_bat>[0]:bat[:int]);"	]
[ 119,	"C_27=<tmp_1240>[90]:bat[:oid] := sql.subdelta(C_89=<tmp_1240>[90]:bat[:oid], C_5=<tmp_1352>[90]:bat[:oid], X_21=<tmp_1252>[0]:bat[:oid], C_90=<tmp_1345>[0]:bat[:oid], C_92=<tmp_1427>[0]:bat[:oid]);"	]
[ 54,	"X_14=<tmp_1401>[0]:bat[:int] := mat.packIncrement(X_274=<tmp_1401>[0]:bat[:int], X_136=<sql_empty_int_bat>[0]:bat[:int]);"	]
[ 47,	"language.pass(C_5=<tmp_1352>[90]:bat[:oid]);"	]
[ 84,	"X_29=<tmp_1227>[90]:bat[:int] := sql.projectdelta(C_27=<tmp_1240>[90]:bat[:oid], X_8=<tmp_1217>[90]:bat[:int], X_13=<tmp_1115>[0]:bat[:oid], X_14=<tmp_1401>[0]:bat[:int], X_11=<sql_empty_int_bat>[0]:bat[:int]);"	]
[ 52,	"X_31=90:lng := aggr.count(X_29=<tmp_1227>[90]:bat[:int]);"	]
[ 49,	"X_37=<tmp_1217>[1]:bat[:lng] := sql.single(X_31=90:lng);"	]
[ 60,	"X_40=<tmp_1436>[1]:bat[:lng] := bat.append(X_38=<tmp_1436>[1]:bat[:lng], X_37=<tmp_1217>[1]:bat[:lng], true:bit);"	]
[ 59,	"X_42=<tmp_1436>[2]:bat[:lng] := bat.append(X_40=<tmp_1436>[2]:bat[:lng], X_36=0:lng, true:bit);"	]
[ 48,	"X_43=90:lng := aggr.sum(X_42=<tmp_1436>[2]:bat[:lng]);"	]
[ 3003,	"barrier X_287=false:bit := language.dataflow();"	]
[ 114,	"sql.resultSet(\".L41\":str, \"L41\":str, \"bigint\":str, 64:int, 0:int, 7:int, X_43=90:lng);"	]
#select '~EndProfilingOutput~';
% .L2 # table_name
% L2 # name
% char # type
% 20 # length
[ "~EndProfilingOutput~"	]

# 08:41:06 >  
# 08:41:06 >  "Done."
# 08:41:06 >  

